Copyright 1986-2018 Xilinx, Inc. All Rights Reserved.
------------------------------------------------------------------------------------------------------------------------------------
| Tool Version : Vivado v.2018.3 (win64) Build 2405991 Thu Dec  6 23:38:27 MST 2018
| Date         : Sat Aug 15 09:24:41 2026
| Host         : DESKTOP-9L351U0 running 64-bit major release  (build 9200)
| Command      : report_timing -from [get_clocks clk_fs] -to [get_clocks clk_fs] -max_paths 15 -sort_by slack -file clk_fs_fail.rpt
| Design       : ps_wrapper
| Device       : 7z020-clg400
| Speed File   : -2  PRODUCTION 1.11 2014-09-11
------------------------------------------------------------------------------------------------------------------------------------

Timing Report

Slack (VIOLATED) :        -1.570ns  (required time - arrival time)
  Source:                 ps_i/Counter_Core_0/inst/counter_core_inst/u_ts_engine/u_rd_ptr_cdc/gray_s2_reg[12]/C
                            (rising edge-triggered cell FDRE clocked by clk_fs  {rise@0.000ns fall@1.600ns period=3.200ns})
  Destination:            ps_i/Counter_Core_0/inst/counter_core_inst/u_ts_engine/fifo_mem_reg_2/WEA[0]
                            (rising edge-triggered cell RAMB36E1 clocked by clk_fs  {rise@0.000ns fall@1.600ns period=3.200ns})
  Path Group:             clk_fs
  Path Type:              Setup (Max at Slow Process Corner)
  Requirement:            3.200ns  (clk_fs rise@3.200ns - clk_fs rise@0.000ns)
  Data Path Delay:        4.207ns  (logic 1.239ns (29.450%)  route 2.968ns (70.550%))
  Logic Levels:           5  (CARRY4=1 LUT3=1 LUT5=1 LUT6=2)
  Clock Path Skew:        -0.052ns (DCD - SCD + CPR)
    Destination Clock Delay (DCD):    4.467ns = ( 7.667 - 3.200 ) 
    Source Clock Delay      (SCD):    4.944ns
    Clock Pessimism Removal (CPR):    0.426ns
  Clock Uncertainty:      0.035ns  ((TSJ^2 + TIJ^2)^1/2 + DJ) / 2 + PE
    Total System Jitter     (TSJ):    0.071ns
    Total Input Jitter      (TIJ):    0.000ns
    Discrete Jitter          (DJ):    0.000ns
    Phase Error              (PE):    0.000ns

    Location             Delay type                Incr(ns)  Path(ns)    Netlist Resource(s)
  -------------------------------------------------------------------    -------------------
                         (clock clk_fs rise edge)     0.000     0.000 r  
    Y12                                               0.000     0.000 r  clk_fs_p (IN)
                         net (fo=0)                   0.000     0.000    ps_i/Counter_Core_0/inst/clk_fs_p
    Y12                  IBUFDS (Prop_ibufds_I_O)     0.948     0.948 r  ps_i/Counter_Core_0/inst/ibufds_fs/O
                         net (fo=1, routed)           2.521     3.469    ps_i/Counter_Core_0/inst/clk_fs_ibuf
    BUFGCTRL_X0Y0        BUFG (Prop_bufg_I_O)         0.086     3.555 r  ps_i/Counter_Core_0/inst/bufg_fs/O
                         net (fo=599, routed)         1.389     4.944    ps_i/Counter_Core_0/inst/counter_core_inst/u_ts_engine/u_rd_ptr_cdc/CLK
    SLICE_X39Y26         FDRE                                         r  ps_i/Counter_Core_0/inst/counter_core_inst/u_ts_engine/u_rd_ptr_cdc/gray_s2_reg[12]/C
  -------------------------------------------------------------------    -------------------
    SLICE_X39Y26         FDRE (Prop_fdre_C_Q)         0.379     5.323 r  ps_i/Counter_Core_0/inst/counter_core_inst/u_ts_engine/u_rd_ptr_cdc/gray_s2_reg[12]/Q
                         net (fo=11, routed)          0.832     6.155    ps_i/Counter_Core_0/inst/counter_core_inst/u_ts_engine/u_rd_ptr_cdc/gray_s2[12]
    SLICE_X38Y24         LUT5 (Prop_lut5_I0_O)        0.105     6.260 r  ps_i/Counter_Core_0/inst/counter_core_inst/u_ts_engine/u_rd_ptr_cdc/fifo_full0_carry_i_17/O
                         net (fo=2, routed)           0.233     6.494    ps_i/Counter_Core_0/inst/counter_core_inst/u_ts_engine/u_rd_ptr_cdc/rd_ptr_bin_at_wr[8]
    SLICE_X38Y24         LUT6 (Prop_lut6_I0_O)        0.105     6.599 r  ps_i/Counter_Core_0/inst/counter_core_inst/u_ts_engine/u_rd_ptr_cdc/fifo_full0_carry_i_13/O
                         net (fo=1, routed)           0.452     7.050    ps_i/Counter_Core_0/inst/counter_core_inst/u_ts_engine/u_rd_ptr_cdc/rd_ptr_bin_at_wr[0]
    SLICE_X39Y23         LUT6 (Prop_lut6_I1_O)        0.105     7.155 r  ps_i/Counter_Core_0/inst/counter_core_inst/u_ts_engine/u_rd_ptr_cdc/fifo_full0_carry_i_4/O
                         net (fo=1, routed)           0.000     7.155    ps_i/Counter_Core_0/inst/counter_core_inst/u_ts_engine/u_rd_ptr_cdc_n_5
    SLICE_X39Y23         CARRY4 (Prop_carry4_S[0]_CO[3])
                                                      0.440     7.595 f  ps_i/Counter_Core_0/inst/counter_core_inst/u_ts_engine/fifo_full0_carry/CO[3]
                         net (fo=4, routed)           0.517     8.112    ps_i/Counter_Core_0/inst/counter_core_inst/u_ts_engine/u_rd_ptr_cdc/CO[0]
    SLICE_X39Y22         LUT3 (Prop_lut3_I0_O)        0.105     8.217 r  ps_i/Counter_Core_0/inst/counter_core_inst/u_ts_engine/u_rd_ptr_cdc/fifo_mem_reg_7_i_3/O
                         net (fo=8, routed)           0.934     9.151    ps_i/Counter_Core_0/inst/counter_core_inst/u_ts_engine/wr_en0
    RAMB36_X3Y5          RAMB36E1                                     r  ps_i/Counter_Core_0/inst/counter_core_inst/u_ts_engine/fifo_mem_reg_2/WEA[0]
  -------------------------------------------------------------------    -------------------

                         (clock clk_fs rise edge)     3.200     3.200 r  
    Y12                                               0.000     3.200 r  clk_fs_p (IN)
                         net (fo=0)                   0.000     3.200    ps_i/Counter_Core_0/inst/clk_fs_p
    Y12                  IBUFDS (Prop_ibufds_I_O)     0.908     4.108 r  ps_i/Counter_Core_0/inst/ibufds_fs/O
                         net (fo=1, routed)           2.156     6.264    ps_i/Counter_Core_0/inst/clk_fs_ibuf
    BUFGCTRL_X0Y0        BUFG (Prop_bufg_I_O)         0.078     6.342 r  ps_i/Counter_Core_0/inst/bufg_fs/O
                         net (fo=599, routed)         1.325     7.667    ps_i/Counter_Core_0/inst/counter_core_inst/u_ts_engine/CLK
    RAMB36_X3Y5          RAMB36E1                                     r  ps_i/Counter_Core_0/inst/counter_core_inst/u_ts_engine/fifo_mem_reg_2/CLKARDCLK
                         clock pessimism              0.426     8.093    
                         clock uncertainty           -0.035     8.057    
    RAMB36_X3Y5          RAMB36E1 (Setup_ramb36e1_CLKARDCLK_WEA[0])
                                                     -0.476     7.581    ps_i/Counter_Core_0/inst/counter_core_inst/u_ts_engine/fifo_mem_reg_2
  -------------------------------------------------------------------
                         required time                          7.581    
                         arrival time                          -9.151    
  -------------------------------------------------------------------
                         slack                                 -1.570    

Slack (VIOLATED) :        -1.503ns  (required time - arrival time)
  Source:                 ps_i/Counter_Core_0/inst/counter_core_inst/u_ts_engine/u_rd_ptr_cdc/gray_s2_reg[12]/C
                            (rising edge-triggered cell FDRE clocked by clk_fs  {rise@0.000ns fall@1.600ns period=3.200ns})
  Destination:            ps_i/Counter_Core_0/inst/counter_core_inst/u_ts_engine/fifo_mem_reg_3/WEA[0]
                            (rising edge-triggered cell RAMB36E1 clocked by clk_fs  {rise@0.000ns fall@1.600ns period=3.200ns})
  Path Group:             clk_fs
  Path Type:              Setup (Max at Slow Process Corner)
  Requirement:            3.200ns  (clk_fs rise@3.200ns - clk_fs rise@0.000ns)
  Data Path Delay:        4.138ns  (logic 1.239ns (29.943%)  route 2.899ns (70.057%))
  Logic Levels:           5  (CARRY4=1 LUT3=1 LUT5=1 LUT6=2)
  Clock Path Skew:        -0.054ns (DCD - SCD + CPR)
    Destination Clock Delay (DCD):    4.465ns = ( 7.665 - 3.200 ) 
    Source Clock Delay      (SCD):    4.944ns
    Clock Pessimism Removal (CPR):    0.426ns
  Clock Uncertainty:      0.035ns  ((TSJ^2 + TIJ^2)^1/2 + DJ) / 2 + PE
    Total System Jitter     (TSJ):    0.071ns
    Total Input Jitter      (TIJ):    0.000ns
    Discrete Jitter          (DJ):    0.000ns
    Phase Error              (PE):    0.000ns

    Location             Delay type                Incr(ns)  Path(ns)    Netlist Resource(s)
  -------------------------------------------------------------------    -------------------
                         (clock clk_fs rise edge)     0.000     0.000 r  
    Y12                                               0.000     0.000 r  clk_fs_p (IN)
                         net (fo=0)                   0.000     0.000    ps_i/Counter_Core_0/inst/clk_fs_p
    Y12                  IBUFDS (Prop_ibufds_I_O)     0.948     0.948 r  ps_i/Counter_Core_0/inst/ibufds_fs/O
                         net (fo=1, routed)           2.521     3.469    ps_i/Counter_Core_0/inst/clk_fs_ibuf
    BUFGCTRL_X0Y0        BUFG (Prop_bufg_I_O)         0.086     3.555 r  ps_i/Counter_Core_0/inst/bufg_fs/O
                         net (fo=599, routed)         1.389     4.944    ps_i/Counter_Core_0/inst/counter_core_inst/u_ts_engine/u_rd_ptr_cdc/CLK
    SLICE_X39Y26         FDRE                                         r  ps_i/Counter_Core_0/inst/counter_core_inst/u_ts_engine/u_rd_ptr_cdc/gray_s2_reg[12]/C
  -------------------------------------------------------------------    -------------------
    SLICE_X39Y26         FDRE (Prop_fdre_C_Q)         0.379     5.323 r  ps_i/Counter_Core_0/inst/counter_core_inst/u_ts_engine/u_rd_ptr_cdc/gray_s2_reg[12]/Q
                         net (fo=11, routed)          0.832     6.155    ps_i/Counter_Core_0/inst/counter_core_inst/u_ts_engine/u_rd_ptr_cdc/gray_s2[12]
    SLICE_X38Y24         LUT5 (Prop_lut5_I0_O)        0.105     6.260 r  ps_i/Counter_Core_0/inst/counter_core_inst/u_ts_engine/u_rd_ptr_cdc/fifo_full0_carry_i_17/O
                         net (fo=2, routed)           0.233     6.494    ps_i/Counter_Core_0/inst/counter_core_inst/u_ts_engine/u_rd_ptr_cdc/rd_ptr_bin_at_wr[8]
    SLICE_X38Y24         LUT6 (Prop_lut6_I0_O)        0.105     6.599 r  ps_i/Counter_Core_0/inst/counter_core_inst/u_ts_engine/u_rd_ptr_cdc/fifo_full0_carry_i_13/O
                         net (fo=1, routed)           0.452     7.050    ps_i/Counter_Core_0/inst/counter_core_inst/u_ts_engine/u_rd_ptr_cdc/rd_ptr_bin_at_wr[0]
    SLICE_X39Y23         LUT6 (Prop_lut6_I1_O)        0.105     7.155 r  ps_i/Counter_Core_0/inst/counter_core_inst/u_ts_engine/u_rd_ptr_cdc/fifo_full0_carry_i_4/O
                         net (fo=1, routed)           0.000     7.155    ps_i/Counter_Core_0/inst/counter_core_inst/u_ts_engine/u_rd_ptr_cdc_n_5
    SLICE_X39Y23         CARRY4 (Prop_carry4_S[0]_CO[3])
                                                      0.440     7.595 f  ps_i/Counter_Core_0/inst/counter_core_inst/u_ts_engine/fifo_full0_carry/CO[3]
                         net (fo=4, routed)           0.517     8.112    ps_i/Counter_Core_0/inst/counter_core_inst/u_ts_engine/u_rd_ptr_cdc/CO[0]
    SLICE_X39Y22         LUT3 (Prop_lut3_I0_O)        0.105     8.217 r  ps_i/Counter_Core_0/inst/counter_core_inst/u_ts_engine/u_rd_ptr_cdc/fifo_mem_reg_7_i_3/O
                         net (fo=8, routed)           0.865     9.082    ps_i/Counter_Core_0/inst/counter_core_inst/u_ts_engine/wr_en0
    RAMB36_X3Y4          RAMB36E1                                     r  ps_i/Counter_Core_0/inst/counter_core_inst/u_ts_engine/fifo_mem_reg_3/WEA[0]
  -------------------------------------------------------------------    -------------------

                         (clock clk_fs rise edge)     3.200     3.200 r  
    Y12                                               0.000     3.200 r  clk_fs_p (IN)
                         net (fo=0)                   0.000     3.200    ps_i/Counter_Core_0/inst/clk_fs_p
    Y12                  IBUFDS (Prop_ibufds_I_O)     0.908     4.108 r  ps_i/Counter_Core_0/inst/ibufds_fs/O
                         net (fo=1, routed)           2.156     6.264    ps_i/Counter_Core_0/inst/clk_fs_ibuf
    BUFGCTRL_X0Y0        BUFG (Prop_bufg_I_O)         0.078     6.342 r  ps_i/Counter_Core_0/inst/bufg_fs/O
                         net (fo=599, routed)         1.323     7.665    ps_i/Counter_Core_0/inst/counter_core_inst/u_ts_engine/CLK
    RAMB36_X3Y4          RAMB36E1                                     r  ps_i/Counter_Core_0/inst/counter_core_inst/u_ts_engine/fifo_mem_reg_3/CLKARDCLK
                         clock pessimism              0.426     8.091    
                         clock uncertainty           -0.035     8.055    
    RAMB36_X3Y4          RAMB36E1 (Setup_ramb36e1_CLKARDCLK_WEA[0])
                                                     -0.476     7.579    ps_i/Counter_Core_0/inst/counter_core_inst/u_ts_engine/fifo_mem_reg_3
  -------------------------------------------------------------------
                         required time                          7.579    
                         arrival time                          -9.082    
  -------------------------------------------------------------------
                         slack                                 -1.503    

Slack (VIOLATED) :        -1.484ns  (required time - arrival time)
  Source:                 ps_i/Counter_Core_0/inst/counter_core_inst/u_ts_engine/u_rd_ptr_cdc/gray_s2_reg[12]/C
                            (rising edge-triggered cell FDRE clocked by clk_fs  {rise@0.000ns fall@1.600ns period=3.200ns})
  Destination:            ps_i/Counter_Core_0/inst/counter_core_inst/u_ts_engine/fifo_mem_reg_7/WEA[0]
                            (rising edge-triggered cell RAMB18E1 clocked by clk_fs  {rise@0.000ns fall@1.600ns period=3.200ns})
  Path Group:             clk_fs
  Path Type:              Setup (Max at Slow Process Corner)
  Requirement:            3.200ns  (clk_fs rise@3.200ns - clk_fs rise@0.000ns)
  Data Path Delay:        4.126ns  (logic 1.239ns (30.032%)  route 2.887ns (69.968%))
  Logic Levels:           5  (CARRY4=1 LUT3=1 LUT5=1 LUT6=2)
  Clock Path Skew:        -0.048ns (DCD - SCD + CPR)
    Destination Clock Delay (DCD):    4.471ns = ( 7.671 - 3.200 ) 
    Source Clock Delay      (SCD):    4.944ns
    Clock Pessimism Removal (CPR):    0.426ns
  Clock Uncertainty:      0.035ns  ((TSJ^2 + TIJ^2)^1/2 + DJ) / 2 + PE
    Total System Jitter     (TSJ):    0.071ns
    Total Input Jitter      (TIJ):    0.000ns
    Discrete Jitter          (DJ):    0.000ns
    Phase Error              (PE):    0.000ns

    Location             Delay type                Incr(ns)  Path(ns)    Netlist Resource(s)
  -------------------------------------------------------------------    -------------------
                         (clock clk_fs rise edge)     0.000     0.000 r  
    Y12                                               0.000     0.000 r  clk_fs_p (IN)
                         net (fo=0)                   0.000     0.000    ps_i/Counter_Core_0/inst/clk_fs_p
    Y12                  IBUFDS (Prop_ibufds_I_O)     0.948     0.948 r  ps_i/Counter_Core_0/inst/ibufds_fs/O
                         net (fo=1, routed)           2.521     3.469    ps_i/Counter_Core_0/inst/clk_fs_ibuf
    BUFGCTRL_X0Y0        BUFG (Prop_bufg_I_O)         0.086     3.555 r  ps_i/Counter_Core_0/inst/bufg_fs/O
                         net (fo=599, routed)         1.389     4.944    ps_i/Counter_Core_0/inst/counter_core_inst/u_ts_engine/u_rd_ptr_cdc/CLK
    SLICE_X39Y26         FDRE                                         r  ps_i/Counter_Core_0/inst/counter_core_inst/u_ts_engine/u_rd_ptr_cdc/gray_s2_reg[12]/C
  -------------------------------------------------------------------    -------------------
    SLICE_X39Y26         FDRE (Prop_fdre_C_Q)         0.379     5.323 r  ps_i/Counter_Core_0/inst/counter_core_inst/u_ts_engine/u_rd_ptr_cdc/gray_s2_reg[12]/Q
                         net (fo=11, routed)          0.832     6.155    ps_i/Counter_Core_0/inst/counter_core_inst/u_ts_engine/u_rd_ptr_cdc/gray_s2[12]
    SLICE_X38Y24         LUT5 (Prop_lut5_I0_O)        0.105     6.260 r  ps_i/Counter_Core_0/inst/counter_core_inst/u_ts_engine/u_rd_ptr_cdc/fifo_full0_carry_i_17/O
                         net (fo=2, routed)           0.233     6.494    ps_i/Counter_Core_0/inst/counter_core_inst/u_ts_engine/u_rd_ptr_cdc/rd_ptr_bin_at_wr[8]
    SLICE_X38Y24         LUT6 (Prop_lut6_I0_O)        0.105     6.599 r  ps_i/Counter_Core_0/inst/counter_core_inst/u_ts_engine/u_rd_ptr_cdc/fifo_full0_carry_i_13/O
                         net (fo=1, routed)           0.452     7.050    ps_i/Counter_Core_0/inst/counter_core_inst/u_ts_engine/u_rd_ptr_cdc/rd_ptr_bin_at_wr[0]
    SLICE_X39Y23         LUT6 (Prop_lut6_I1_O)        0.105     7.155 r  ps_i/Counter_Core_0/inst/counter_core_inst/u_ts_engine/u_rd_ptr_cdc/fifo_full0_carry_i_4/O
                         net (fo=1, routed)           0.000     7.155    ps_i/Counter_Core_0/inst/counter_core_inst/u_ts_engine/u_rd_ptr_cdc_n_5
    SLICE_X39Y23         CARRY4 (Prop_carry4_S[0]_CO[3])
                                                      0.440     7.595 f  ps_i/Counter_Core_0/inst/counter_core_inst/u_ts_engine/fifo_full0_carry/CO[3]
                         net (fo=4, routed)           0.517     8.112    ps_i/Counter_Core_0/inst/counter_core_inst/u_ts_engine/u_rd_ptr_cdc/CO[0]
    SLICE_X39Y22         LUT3 (Prop_lut3_I0_O)        0.105     8.217 r  ps_i/Counter_Core_0/inst/counter_core_inst/u_ts_engine/u_rd_ptr_cdc/fifo_mem_reg_7_i_3/O
                         net (fo=8, routed)           0.853     9.070    ps_i/Counter_Core_0/inst/counter_core_inst/u_ts_engine/wr_en0
    RAMB18_X3Y6          RAMB18E1                                     r  ps_i/Counter_Core_0/inst/counter_core_inst/u_ts_engine/fifo_mem_reg_7/WEA[0]
  -------------------------------------------------------------------    -------------------

                         (clock clk_fs rise edge)     3.200     3.200 r  
    Y12                                               0.000     3.200 r  clk_fs_p (IN)
                         net (fo=0)                   0.000     3.200    ps_i/Counter_Core_0/inst/clk_fs_p
    Y12                  IBUFDS (Prop_ibufds_I_O)     0.908     4.108 r  ps_i/Counter_Core_0/inst/ibufds_fs/O
                         net (fo=1, routed)           2.156     6.264    ps_i/Counter_Core_0/inst/clk_fs_ibuf
    BUFGCTRL_X0Y0        BUFG (Prop_bufg_I_O)         0.078     6.342 r  ps_i/Counter_Core_0/inst/bufg_fs/O
                         net (fo=599, routed)         1.329     7.671    ps_i/Counter_Core_0/inst/counter_core_inst/u_ts_engine/CLK
    RAMB18_X3Y6          RAMB18E1                                     r  ps_i/Counter_Core_0/inst/counter_core_inst/u_ts_engine/fifo_mem_reg_7/CLKARDCLK
                         clock pessimism              0.426     8.097    
                         clock uncertainty           -0.035     8.061    
    RAMB18_X3Y6          RAMB18E1 (Setup_ramb18e1_CLKARDCLK_WEA[0])
                                                     -0.476     7.585    ps_i/Counter_Core_0/inst/counter_core_inst/u_ts_engine/fifo_mem_reg_7
  -------------------------------------------------------------------
                         required time                          7.585    
                         arrival time                          -9.070    
  -------------------------------------------------------------------
                         slack                                 -1.484    

Slack (VIOLATED) :        -1.462ns  (required time - arrival time)
  Source:                 ps_i/Counter_Core_0/inst/counter_core_inst/u_ts_engine/u_rd_ptr_cdc/gray_s2_reg[12]/C
                            (rising edge-triggered cell FDRE clocked by clk_fs  {rise@0.000ns fall@1.600ns period=3.200ns})
  Destination:            ps_i/Counter_Core_0/inst/counter_core_inst/u_ts_engine/fifo_mem_reg_5/WEA[0]
                            (rising edge-triggered cell RAMB36E1 clocked by clk_fs  {rise@0.000ns fall@1.600ns period=3.200ns})
  Path Group:             clk_fs
  Path Type:              Setup (Max at Slow Process Corner)
  Requirement:            3.200ns  (clk_fs rise@3.200ns - clk_fs rise@0.000ns)
  Data Path Delay:        4.136ns  (logic 1.239ns (29.954%)  route 2.897ns (70.046%))
  Logic Levels:           5  (CARRY4=1 LUT3=1 LUT5=1 LUT6=2)
  Clock Path Skew:        -0.014ns (DCD - SCD + CPR)
    Destination Clock Delay (DCD):    4.420ns = ( 7.620 - 3.200 ) 
    Source Clock Delay      (SCD):    4.944ns
    Clock Pessimism Removal (CPR):    0.510ns
  Clock Uncertainty:      0.035ns  ((TSJ^2 + TIJ^2)^1/2 + DJ) / 2 + PE
    Total System Jitter     (TSJ):    0.071ns
    Total Input Jitter      (TIJ):    0.000ns
    Discrete Jitter          (DJ):    0.000ns
    Phase Error              (PE):    0.000ns

    Location             Delay type                Incr(ns)  Path(ns)    Netlist Resource(s)
  -------------------------------------------------------------------    -------------------
                         (clock clk_fs rise edge)     0.000     0.000 r  
    Y12                                               0.000     0.000 r  clk_fs_p (IN)
                         net (fo=0)                   0.000     0.000    ps_i/Counter_Core_0/inst/clk_fs_p
    Y12                  IBUFDS (Prop_ibufds_I_O)     0.948     0.948 r  ps_i/Counter_Core_0/inst/ibufds_fs/O
                         net (fo=1, routed)           2.521     3.469    ps_i/Counter_Core_0/inst/clk_fs_ibuf
    BUFGCTRL_X0Y0        BUFG (Prop_bufg_I_O)         0.086     3.555 r  ps_i/Counter_Core_0/inst/bufg_fs/O
                         net (fo=599, routed)         1.389     4.944    ps_i/Counter_Core_0/inst/counter_core_inst/u_ts_engine/u_rd_ptr_cdc/CLK
    SLICE_X39Y26         FDRE                                         r  ps_i/Counter_Core_0/inst/counter_core_inst/u_ts_engine/u_rd_ptr_cdc/gray_s2_reg[12]/C
  -------------------------------------------------------------------    -------------------
    SLICE_X39Y26         FDRE (Prop_fdre_C_Q)         0.379     5.323 r  ps_i/Counter_Core_0/inst/counter_core_inst/u_ts_engine/u_rd_ptr_cdc/gray_s2_reg[12]/Q
                         net (fo=11, routed)          0.832     6.155    ps_i/Counter_Core_0/inst/counter_core_inst/u_ts_engine/u_rd_ptr_cdc/gray_s2[12]
    SLICE_X38Y24         LUT5 (Prop_lut5_I0_O)        0.105     6.260 r  ps_i/Counter_Core_0/inst/counter_core_inst/u_ts_engine/u_rd_ptr_cdc/fifo_full0_carry_i_17/O
                         net (fo=2, routed)           0.233     6.494    ps_i/Counter_Core_0/inst/counter_core_inst/u_ts_engine/u_rd_ptr_cdc/rd_ptr_bin_at_wr[8]
    SLICE_X38Y24         LUT6 (Prop_lut6_I0_O)        0.105     6.599 r  ps_i/Counter_Core_0/inst/counter_core_inst/u_ts_engine/u_rd_ptr_cdc/fifo_full0_carry_i_13/O
                         net (fo=1, routed)           0.452     7.050    ps_i/Counter_Core_0/inst/counter_core_inst/u_ts_engine/u_rd_ptr_cdc/rd_ptr_bin_at_wr[0]
    SLICE_X39Y23         LUT6 (Prop_lut6_I1_O)        0.105     7.155 r  ps_i/Counter_Core_0/inst/counter_core_inst/u_ts_engine/u_rd_ptr_cdc/fifo_full0_carry_i_4/O
                         net (fo=1, routed)           0.000     7.155    ps_i/Counter_Core_0/inst/counter_core_inst/u_ts_engine/u_rd_ptr_cdc_n_5
    SLICE_X39Y23         CARRY4 (Prop_carry4_S[0]_CO[3])
                                                      0.440     7.595 f  ps_i/Counter_Core_0/inst/counter_core_inst/u_ts_engine/fifo_full0_carry/CO[3]
                         net (fo=4, routed)           0.517     8.112    ps_i/Counter_Core_0/inst/counter_core_inst/u_ts_engine/u_rd_ptr_cdc/CO[0]
    SLICE_X39Y22         LUT3 (Prop_lut3_I0_O)        0.105     8.217 r  ps_i/Counter_Core_0/inst/counter_core_inst/u_ts_engine/u_rd_ptr_cdc/fifo_mem_reg_7_i_3/O
                         net (fo=8, routed)           0.863     9.080    ps_i/Counter_Core_0/inst/counter_core_inst/u_ts_engine/wr_en0
    RAMB36_X2Y5          RAMB36E1                                     r  ps_i/Counter_Core_0/inst/counter_core_inst/u_ts_engine/fifo_mem_reg_5/WEA[0]
  -------------------------------------------------------------------    -------------------

                         (clock clk_fs rise edge)     3.200     3.200 r  
    Y12                                               0.000     3.200 r  clk_fs_p (IN)
                         net (fo=0)                   0.000     3.200    ps_i/Counter_Core_0/inst/clk_fs_p
    Y12                  IBUFDS (Prop_ibufds_I_O)     0.908     4.108 r  ps_i/Counter_Core_0/inst/ibufds_fs/O
                         net (fo=1, routed)           2.156     6.264    ps_i/Counter_Core_0/inst/clk_fs_ibuf
    BUFGCTRL_X0Y0        BUFG (Prop_bufg_I_O)         0.078     6.342 r  ps_i/Counter_Core_0/inst/bufg_fs/O
                         net (fo=599, routed)         1.278     7.620    ps_i/Counter_Core_0/inst/counter_core_inst/u_ts_engine/CLK
    RAMB36_X2Y5          RAMB36E1                                     r  ps_i/Counter_Core_0/inst/counter_core_inst/u_ts_engine/fifo_mem_reg_5/CLKARDCLK
                         clock pessimism              0.510     8.130    
                         clock uncertainty           -0.035     8.094    
    RAMB36_X2Y5          RAMB36E1 (Setup_ramb36e1_CLKARDCLK_WEA[0])
                                                     -0.476     7.618    ps_i/Counter_Core_0/inst/counter_core_inst/u_ts_engine/fifo_mem_reg_5
  -------------------------------------------------------------------
                         required time                          7.618    
                         arrival time                          -9.080    
  -------------------------------------------------------------------
                         slack                                 -1.462    

Slack (VIOLATED) :        -1.444ns  (required time - arrival time)
  Source:                 ps_i/Counter_Core_0/inst/counter_core_inst/u_ts_engine/u_rd_ptr_cdc/gray_s2_reg[12]/C
                            (rising edge-triggered cell FDRE clocked by clk_fs  {rise@0.000ns fall@1.600ns period=3.200ns})
  Destination:            ps_i/Counter_Core_0/inst/counter_core_inst/u_ts_engine/fifo_mem_reg_0/WEA[0]
                            (rising edge-triggered cell RAMB36E1 clocked by clk_fs  {rise@0.000ns fall@1.600ns period=3.200ns})
  Path Group:             clk_fs
  Path Type:              Setup (Max at Slow Process Corner)
  Requirement:            3.200ns  (clk_fs rise@3.200ns - clk_fs rise@0.000ns)
  Data Path Delay:        4.187ns  (logic 1.239ns (29.595%)  route 2.948ns (70.405%))
  Logic Levels:           5  (CARRY4=1 LUT3=1 LUT5=1 LUT6=2)
  Clock Path Skew:        0.054ns (DCD - SCD + CPR)
    Destination Clock Delay (DCD):    4.488ns = ( 7.688 - 3.200 ) 
    Source Clock Delay      (SCD):    4.944ns
    Clock Pessimism Removal (CPR):    0.510ns
  Clock Uncertainty:      0.035ns  ((TSJ^2 + TIJ^2)^1/2 + DJ) / 2 + PE
    Total System Jitter     (TSJ):    0.071ns
    Total Input Jitter      (TIJ):    0.000ns
    Discrete Jitter          (DJ):    0.000ns
    Phase Error              (PE):    0.000ns

    Location             Delay type                Incr(ns)  Path(ns)    Netlist Resource(s)
  -------------------------------------------------------------------    -------------------
                         (clock clk_fs rise edge)     0.000     0.000 r  
    Y12                                               0.000     0.000 r  clk_fs_p (IN)
                         net (fo=0)                   0.000     0.000    ps_i/Counter_Core_0/inst/clk_fs_p
    Y12                  IBUFDS (Prop_ibufds_I_O)     0.948     0.948 r  ps_i/Counter_Core_0/inst/ibufds_fs/O
                         net (fo=1, routed)           2.521     3.469    ps_i/Counter_Core_0/inst/clk_fs_ibuf
    BUFGCTRL_X0Y0        BUFG (Prop_bufg_I_O)         0.086     3.555 r  ps_i/Counter_Core_0/inst/bufg_fs/O
                         net (fo=599, routed)         1.389     4.944    ps_i/Counter_Core_0/inst/counter_core_inst/u_ts_engine/u_rd_ptr_cdc/CLK
    SLICE_X39Y26         FDRE                                         r  ps_i/Counter_Core_0/inst/counter_core_inst/u_ts_engine/u_rd_ptr_cdc/gray_s2_reg[12]/C
  -------------------------------------------------------------------    -------------------
    SLICE_X39Y26         FDRE (Prop_fdre_C_Q)         0.379     5.323 r  ps_i/Counter_Core_0/inst/counter_core_inst/u_ts_engine/u_rd_ptr_cdc/gray_s2_reg[12]/Q
                         net (fo=11, routed)          0.832     6.155    ps_i/Counter_Core_0/inst/counter_core_inst/u_ts_engine/u_rd_ptr_cdc/gray_s2[12]
    SLICE_X38Y24         LUT5 (Prop_lut5_I0_O)        0.105     6.260 r  ps_i/Counter_Core_0/inst/counter_core_inst/u_ts_engine/u_rd_ptr_cdc/fifo_full0_carry_i_17/O
                         net (fo=2, routed)           0.233     6.494    ps_i/Counter_Core_0/inst/counter_core_inst/u_ts_engine/u_rd_ptr_cdc/rd_ptr_bin_at_wr[8]
    SLICE_X38Y24         LUT6 (Prop_lut6_I0_O)        0.105     6.599 r  ps_i/Counter_Core_0/inst/counter_core_inst/u_ts_engine/u_rd_ptr_cdc/fifo_full0_carry_i_13/O
                         net (fo=1, routed)           0.452     7.050    ps_i/Counter_Core_0/inst/counter_core_inst/u_ts_engine/u_rd_ptr_cdc/rd_ptr_bin_at_wr[0]
    SLICE_X39Y23         LUT6 (Prop_lut6_I1_O)        0.105     7.155 r  ps_i/Counter_Core_0/inst/counter_core_inst/u_ts_engine/u_rd_ptr_cdc/fifo_full0_carry_i_4/O
                         net (fo=1, routed)           0.000     7.155    ps_i/Counter_Core_0/inst/counter_core_inst/u_ts_engine/u_rd_ptr_cdc_n_5
    SLICE_X39Y23         CARRY4 (Prop_carry4_S[0]_CO[3])
                                                      0.440     7.595 f  ps_i/Counter_Core_0/inst/counter_core_inst/u_ts_engine/fifo_full0_carry/CO[3]
                         net (fo=4, routed)           0.517     8.112    ps_i/Counter_Core_0/inst/counter_core_inst/u_ts_engine/u_rd_ptr_cdc/CO[0]
    SLICE_X39Y22         LUT3 (Prop_lut3_I0_O)        0.105     8.217 r  ps_i/Counter_Core_0/inst/counter_core_inst/u_ts_engine/u_rd_ptr_cdc/fifo_mem_reg_7_i_3/O
                         net (fo=8, routed)           0.914     9.131    ps_i/Counter_Core_0/inst/counter_core_inst/u_ts_engine/wr_en0
    RAMB36_X1Y4          RAMB36E1                                     r  ps_i/Counter_Core_0/inst/counter_core_inst/u_ts_engine/fifo_mem_reg_0/WEA[0]
  -------------------------------------------------------------------    -------------------

                         (clock clk_fs rise edge)     3.200     3.200 r  
    Y12                                               0.000     3.200 r  clk_fs_p (IN)
                         net (fo=0)                   0.000     3.200    ps_i/Counter_Core_0/inst/clk_fs_p
    Y12                  IBUFDS (Prop_ibufds_I_O)     0.908     4.108 r  ps_i/Counter_Core_0/inst/ibufds_fs/O
                         net (fo=1, routed)           2.156     6.264    ps_i/Counter_Core_0/inst/clk_fs_ibuf
    BUFGCTRL_X0Y0        BUFG (Prop_bufg_I_O)         0.078     6.342 r  ps_i/Counter_Core_0/inst/bufg_fs/O
                         net (fo=599, routed)         1.346     7.688    ps_i/Counter_Core_0/inst/counter_core_inst/u_ts_engine/CLK
    RAMB36_X1Y4          RAMB36E1                                     r  ps_i/Counter_Core_0/inst/counter_core_inst/u_ts_engine/fifo_mem_reg_0/CLKARDCLK
                         clock pessimism              0.510     8.198    
                         clock uncertainty           -0.035     8.162    
    RAMB36_X1Y4          RAMB36E1 (Setup_ramb36e1_CLKARDCLK_WEA[0])
                                                     -0.476     7.686    ps_i/Counter_Core_0/inst/counter_core_inst/u_ts_engine/fifo_mem_reg_0
  -------------------------------------------------------------------
                         required time                          7.686    
                         arrival time                          -9.131    
  -------------------------------------------------------------------
                         slack                                 -1.444    

Slack (VIOLATED) :        -1.433ns  (required time - arrival time)
  Source:                 ps_i/Counter_Core_0/inst/counter_core_inst/u_ts_engine/u_rd_ptr_cdc/gray_s2_reg[12]/C
                            (rising edge-triggered cell FDRE clocked by clk_fs  {rise@0.000ns fall@1.600ns period=3.200ns})
  Destination:            ps_i/Counter_Core_0/inst/counter_core_inst/u_ts_engine/fifo_mem_reg_1/WEA[0]
                            (rising edge-triggered cell RAMB36E1 clocked by clk_fs  {rise@0.000ns fall@1.600ns period=3.200ns})
  Path Group:             clk_fs
  Path Type:              Setup (Max at Slow Process Corner)
  Requirement:            3.200ns  (clk_fs rise@3.200ns - clk_fs rise@0.000ns)
  Data Path Delay:        4.111ns  (logic 1.239ns (30.138%)  route 2.872ns (69.862%))
  Logic Levels:           5  (CARRY4=1 LUT3=1 LUT5=1 LUT6=2)
  Clock Path Skew:        -0.010ns (DCD - SCD + CPR)
    Destination Clock Delay (DCD):    4.424ns = ( 7.624 - 3.200 ) 
    Source Clock Delay      (SCD):    4.944ns
    Clock Pessimism Removal (CPR):    0.510ns
  Clock Uncertainty:      0.035ns  ((TSJ^2 + TIJ^2)^1/2 + DJ) / 2 + PE
    Total System Jitter     (TSJ):    0.071ns
    Total Input Jitter      (TIJ):    0.000ns
    Discrete Jitter          (DJ):    0.000ns
    Phase Error              (PE):    0.000ns

    Location             Delay type                Incr(ns)  Path(ns)    Netlist Resource(s)
  -------------------------------------------------------------------    -------------------
                         (clock clk_fs rise edge)     0.000     0.000 r  
    Y12                                               0.000     0.000 r  clk_fs_p (IN)
                         net (fo=0)                   0.000     0.000    ps_i/Counter_Core_0/inst/clk_fs_p
    Y12                  IBUFDS (Prop_ibufds_I_O)     0.948     0.948 r  ps_i/Counter_Core_0/inst/ibufds_fs/O
                         net (fo=1, routed)           2.521     3.469    ps_i/Counter_Core_0/inst/clk_fs_ibuf
    BUFGCTRL_X0Y0        BUFG (Prop_bufg_I_O)         0.086     3.555 r  ps_i/Counter_Core_0/inst/bufg_fs/O
                         net (fo=599, routed)         1.389     4.944    ps_i/Counter_Core_0/inst/counter_core_inst/u_ts_engine/u_rd_ptr_cdc/CLK
    SLICE_X39Y26         FDRE                                         r  ps_i/Counter_Core_0/inst/counter_core_inst/u_ts_engine/u_rd_ptr_cdc/gray_s2_reg[12]/C
  -------------------------------------------------------------------    -------------------
    SLICE_X39Y26         FDRE (Prop_fdre_C_Q)         0.379     5.323 r  ps_i/Counter_Core_0/inst/counter_core_inst/u_ts_engine/u_rd_ptr_cdc/gray_s2_reg[12]/Q
                         net (fo=11, routed)          0.832     6.155    ps_i/Counter_Core_0/inst/counter_core_inst/u_ts_engine/u_rd_ptr_cdc/gray_s2[12]
    SLICE_X38Y24         LUT5 (Prop_lut5_I0_O)        0.105     6.260 r  ps_i/Counter_Core_0/inst/counter_core_inst/u_ts_engine/u_rd_ptr_cdc/fifo_full0_carry_i_17/O
                         net (fo=2, routed)           0.233     6.494    ps_i/Counter_Core_0/inst/counter_core_inst/u_ts_engine/u_rd_ptr_cdc/rd_ptr_bin_at_wr[8]
    SLICE_X38Y24         LUT6 (Prop_lut6_I0_O)        0.105     6.599 r  ps_i/Counter_Core_0/inst/counter_core_inst/u_ts_engine/u_rd_ptr_cdc/fifo_full0_carry_i_13/O
                         net (fo=1, routed)           0.452     7.050    ps_i/Counter_Core_0/inst/counter_core_inst/u_ts_engine/u_rd_ptr_cdc/rd_ptr_bin_at_wr[0]
    SLICE_X39Y23         LUT6 (Prop_lut6_I1_O)        0.105     7.155 r  ps_i/Counter_Core_0/inst/counter_core_inst/u_ts_engine/u_rd_ptr_cdc/fifo_full0_carry_i_4/O
                         net (fo=1, routed)           0.000     7.155    ps_i/Counter_Core_0/inst/counter_core_inst/u_ts_engine/u_rd_ptr_cdc_n_5
    SLICE_X39Y23         CARRY4 (Prop_carry4_S[0]_CO[3])
                                                      0.440     7.595 f  ps_i/Counter_Core_0/inst/counter_core_inst/u_ts_engine/fifo_full0_carry/CO[3]
                         net (fo=4, routed)           0.517     8.112    ps_i/Counter_Core_0/inst/counter_core_inst/u_ts_engine/u_rd_ptr_cdc/CO[0]
    SLICE_X39Y22         LUT3 (Prop_lut3_I0_O)        0.105     8.217 r  ps_i/Counter_Core_0/inst/counter_core_inst/u_ts_engine/u_rd_ptr_cdc/fifo_mem_reg_7_i_3/O
                         net (fo=8, routed)           0.838     9.055    ps_i/Counter_Core_0/inst/counter_core_inst/u_ts_engine/wr_en0
    RAMB36_X2Y3          RAMB36E1                                     r  ps_i/Counter_Core_0/inst/counter_core_inst/u_ts_engine/fifo_mem_reg_1/WEA[0]
  -------------------------------------------------------------------    -------------------

                         (clock clk_fs rise edge)     3.200     3.200 r  
    Y12                                               0.000     3.200 r  clk_fs_p (IN)
                         net (fo=0)                   0.000     3.200    ps_i/Counter_Core_0/inst/clk_fs_p
    Y12                  IBUFDS (Prop_ibufds_I_O)     0.908     4.108 r  ps_i/Counter_Core_0/inst/ibufds_fs/O
                         net (fo=1, routed)           2.156     6.264    ps_i/Counter_Core_0/inst/clk_fs_ibuf
    BUFGCTRL_X0Y0        BUFG (Prop_bufg_I_O)         0.078     6.342 r  ps_i/Counter_Core_0/inst/bufg_fs/O
                         net (fo=599, routed)         1.282     7.624    ps_i/Counter_Core_0/inst/counter_core_inst/u_ts_engine/CLK
    RAMB36_X2Y3          RAMB36E1                                     r  ps_i/Counter_Core_0/inst/counter_core_inst/u_ts_engine/fifo_mem_reg_1/CLKARDCLK
                         clock pessimism              0.510     8.134    
                         clock uncertainty           -0.035     8.098    
    RAMB36_X2Y3          RAMB36E1 (Setup_ramb36e1_CLKARDCLK_WEA[0])
                                                     -0.476     7.622    ps_i/Counter_Core_0/inst/counter_core_inst/u_ts_engine/fifo_mem_reg_1
  -------------------------------------------------------------------
                         required time                          7.622    
                         arrival time                          -9.055    
  -------------------------------------------------------------------
                         slack                                 -1.433    

Slack (VIOLATED) :        -1.425ns  (required time - arrival time)
  Source:                 ps_i/Counter_Core_0/inst/counter_core_inst/u_ts_engine/u_rd_ptr_cdc/gray_s2_reg[12]/C
                            (rising edge-triggered cell FDRE clocked by clk_fs  {rise@0.000ns fall@1.600ns period=3.200ns})
  Destination:            ps_i/Counter_Core_0/inst/counter_core_inst/u_ts_engine/fifo_mem_reg_4/WEA[0]
                            (rising edge-triggered cell RAMB36E1 clocked by clk_fs  {rise@0.000ns fall@1.600ns period=3.200ns})
  Path Group:             clk_fs
  Path Type:              Setup (Max at Slow Process Corner)
  Requirement:            3.200ns  (clk_fs rise@3.200ns - clk_fs rise@0.000ns)
  Data Path Delay:        4.108ns  (logic 1.239ns (30.164%)  route 2.869ns (69.836%))
  Logic Levels:           5  (CARRY4=1 LUT3=1 LUT5=1 LUT6=2)
  Clock Path Skew:        -0.006ns (DCD - SCD + CPR)
    Destination Clock Delay (DCD):    4.428ns = ( 7.628 - 3.200 ) 
    Source Clock Delay      (SCD):    4.944ns
    Clock Pessimism Removal (CPR):    0.510ns
  Clock Uncertainty:      0.035ns  ((TSJ^2 + TIJ^2)^1/2 + DJ) / 2 + PE
    Total System Jitter     (TSJ):    0.071ns
    Total Input Jitter      (TIJ):    0.000ns
    Discrete Jitter          (DJ):    0.000ns
    Phase Error              (PE):    0.000ns

    Location             Delay type                Incr(ns)  Path(ns)    Netlist Resource(s)
  -------------------------------------------------------------------    -------------------
                         (clock clk_fs rise edge)     0.000     0.000 r  
    Y12                                               0.000     0.000 r  clk_fs_p (IN)
                         net (fo=0)                   0.000     0.000    ps_i/Counter_Core_0/inst/clk_fs_p
    Y12                  IBUFDS (Prop_ibufds_I_O)     0.948     0.948 r  ps_i/Counter_Core_0/inst/ibufds_fs/O
                         net (fo=1, routed)           2.521     3.469    ps_i/Counter_Core_0/inst/clk_fs_ibuf
    BUFGCTRL_X0Y0        BUFG (Prop_bufg_I_O)         0.086     3.555 r  ps_i/Counter_Core_0/inst/bufg_fs/O
                         net (fo=599, routed)         1.389     4.944    ps_i/Counter_Core_0/inst/counter_core_inst/u_ts_engine/u_rd_ptr_cdc/CLK
    SLICE_X39Y26         FDRE                                         r  ps_i/Counter_Core_0/inst/counter_core_inst/u_ts_engine/u_rd_ptr_cdc/gray_s2_reg[12]/C
  -------------------------------------------------------------------    -------------------
    SLICE_X39Y26         FDRE (Prop_fdre_C_Q)         0.379     5.323 r  ps_i/Counter_Core_0/inst/counter_core_inst/u_ts_engine/u_rd_ptr_cdc/gray_s2_reg[12]/Q
                         net (fo=11, routed)          0.832     6.155    ps_i/Counter_Core_0/inst/counter_core_inst/u_ts_engine/u_rd_ptr_cdc/gray_s2[12]
    SLICE_X38Y24         LUT5 (Prop_lut5_I0_O)        0.105     6.260 r  ps_i/Counter_Core_0/inst/counter_core_inst/u_ts_engine/u_rd_ptr_cdc/fifo_full0_carry_i_17/O
                         net (fo=2, routed)           0.233     6.494    ps_i/Counter_Core_0/inst/counter_core_inst/u_ts_engine/u_rd_ptr_cdc/rd_ptr_bin_at_wr[8]
    SLICE_X38Y24         LUT6 (Prop_lut6_I0_O)        0.105     6.599 r  ps_i/Counter_Core_0/inst/counter_core_inst/u_ts_engine/u_rd_ptr_cdc/fifo_full0_carry_i_13/O
                         net (fo=1, routed)           0.452     7.050    ps_i/Counter_Core_0/inst/counter_core_inst/u_ts_engine/u_rd_ptr_cdc/rd_ptr_bin_at_wr[0]
    SLICE_X39Y23         LUT6 (Prop_lut6_I1_O)        0.105     7.155 r  ps_i/Counter_Core_0/inst/counter_core_inst/u_ts_engine/u_rd_ptr_cdc/fifo_full0_carry_i_4/O
                         net (fo=1, routed)           0.000     7.155    ps_i/Counter_Core_0/inst/counter_core_inst/u_ts_engine/u_rd_ptr_cdc_n_5
    SLICE_X39Y23         CARRY4 (Prop_carry4_S[0]_CO[3])
                                                      0.440     7.595 f  ps_i/Counter_Core_0/inst/counter_core_inst/u_ts_engine/fifo_full0_carry/CO[3]
                         net (fo=4, routed)           0.517     8.112    ps_i/Counter_Core_0/inst/counter_core_inst/u_ts_engine/u_rd_ptr_cdc/CO[0]
    SLICE_X39Y22         LUT3 (Prop_lut3_I0_O)        0.105     8.217 r  ps_i/Counter_Core_0/inst/counter_core_inst/u_ts_engine/u_rd_ptr_cdc/fifo_mem_reg_7_i_3/O
                         net (fo=8, routed)           0.835     9.052    ps_i/Counter_Core_0/inst/counter_core_inst/u_ts_engine/wr_en0
    RAMB36_X2Y2          RAMB36E1                                     r  ps_i/Counter_Core_0/inst/counter_core_inst/u_ts_engine/fifo_mem_reg_4/WEA[0]
  -------------------------------------------------------------------    -------------------

                         (clock clk_fs rise edge)     3.200     3.200 r  
    Y12                                               0.000     3.200 r  clk_fs_p (IN)
                         net (fo=0)                   0.000     3.200    ps_i/Counter_Core_0/inst/clk_fs_p
    Y12                  IBUFDS (Prop_ibufds_I_O)     0.908     4.108 r  ps_i/Counter_Core_0/inst/ibufds_fs/O
                         net (fo=1, routed)           2.156     6.264    ps_i/Counter_Core_0/inst/clk_fs_ibuf
    BUFGCTRL_X0Y0        BUFG (Prop_bufg_I_O)         0.078     6.342 r  ps_i/Counter_Core_0/inst/bufg_fs/O
                         net (fo=599, routed)         1.286     7.628    ps_i/Counter_Core_0/inst/counter_core_inst/u_ts_engine/CLK
    RAMB36_X2Y2          RAMB36E1                                     r  ps_i/Counter_Core_0/inst/counter_core_inst/u_ts_engine/fifo_mem_reg_4/CLKARDCLK
                         clock pessimism              0.510     8.138    
                         clock uncertainty           -0.035     8.102    
    RAMB36_X2Y2          RAMB36E1 (Setup_ramb36e1_CLKARDCLK_WEA[0])
                                                     -0.476     7.626    ps_i/Counter_Core_0/inst/counter_core_inst/u_ts_engine/fifo_mem_reg_4
  -------------------------------------------------------------------
                         required time                          7.626    
                         arrival time                          -9.052    
  -------------------------------------------------------------------
                         slack                                 -1.425    

Slack (VIOLATED) :        -1.245ns  (required time - arrival time)
  Source:                 ps_i/Counter_Core_0/inst/counter_core_inst/u_ts_engine/u_rd_ptr_cdc/gray_s2_reg[12]/C
                            (rising edge-triggered cell FDRE clocked by clk_fs  {rise@0.000ns fall@1.600ns period=3.200ns})
  Destination:            ps_i/Counter_Core_0/inst/counter_core_inst/u_ts_engine/fifo_mem_reg_6/WEA[0]
                            (rising edge-triggered cell RAMB36E1 clocked by clk_fs  {rise@0.000ns fall@1.600ns period=3.200ns})
  Path Group:             clk_fs
  Path Type:              Setup (Max at Slow Process Corner)
  Requirement:            3.200ns  (clk_fs rise@3.200ns - clk_fs rise@0.000ns)
  Data Path Delay:        3.917ns  (logic 1.239ns (31.629%)  route 2.678ns (68.371%))
  Logic Levels:           5  (CARRY4=1 LUT3=1 LUT5=1 LUT6=2)
  Clock Path Skew:        -0.016ns (DCD - SCD + CPR)
    Destination Clock Delay (DCD):    4.418ns = ( 7.618 - 3.200 ) 
    Source Clock Delay      (SCD):    4.944ns
    Clock Pessimism Removal (CPR):    0.510ns
  Clock Uncertainty:      0.035ns  ((TSJ^2 + TIJ^2)^1/2 + DJ) / 2 + PE
    Total System Jitter     (TSJ):    0.071ns
    Total Input Jitter      (TIJ):    0.000ns
    Discrete Jitter          (DJ):    0.000ns
    Phase Error              (PE):    0.000ns

    Location             Delay type                Incr(ns)  Path(ns)    Netlist Resource(s)
  -------------------------------------------------------------------    -------------------
                         (clock clk_fs rise edge)     0.000     0.000 r  
    Y12                                               0.000     0.000 r  clk_fs_p (IN)
                         net (fo=0)                   0.000     0.000    ps_i/Counter_Core_0/inst/clk_fs_p
    Y12                  IBUFDS (Prop_ibufds_I_O)     0.948     0.948 r  ps_i/Counter_Core_0/inst/ibufds_fs/O
                         net (fo=1, routed)           2.521     3.469    ps_i/Counter_Core_0/inst/clk_fs_ibuf
    BUFGCTRL_X0Y0        BUFG (Prop_bufg_I_O)         0.086     3.555 r  ps_i/Counter_Core_0/inst/bufg_fs/O
                         net (fo=599, routed)         1.389     4.944    ps_i/Counter_Core_0/inst/counter_core_inst/u_ts_engine/u_rd_ptr_cdc/CLK
    SLICE_X39Y26         FDRE                                         r  ps_i/Counter_Core_0/inst/counter_core_inst/u_ts_engine/u_rd_ptr_cdc/gray_s2_reg[12]/C
  -------------------------------------------------------------------    -------------------
    SLICE_X39Y26         FDRE (Prop_fdre_C_Q)         0.379     5.323 r  ps_i/Counter_Core_0/inst/counter_core_inst/u_ts_engine/u_rd_ptr_cdc/gray_s2_reg[12]/Q
                         net (fo=11, routed)          0.832     6.155    ps_i/Counter_Core_0/inst/counter_core_inst/u_ts_engine/u_rd_ptr_cdc/gray_s2[12]
    SLICE_X38Y24         LUT5 (Prop_lut5_I0_O)        0.105     6.260 r  ps_i/Counter_Core_0/inst/counter_core_inst/u_ts_engine/u_rd_ptr_cdc/fifo_full0_carry_i_17/O
                         net (fo=2, routed)           0.233     6.494    ps_i/Counter_Core_0/inst/counter_core_inst/u_ts_engine/u_rd_ptr_cdc/rd_ptr_bin_at_wr[8]
    SLICE_X38Y24         LUT6 (Prop_lut6_I0_O)        0.105     6.599 r  ps_i/Counter_Core_0/inst/counter_core_inst/u_ts_engine/u_rd_ptr_cdc/fifo_full0_carry_i_13/O
                         net (fo=1, routed)           0.452     7.050    ps_i/Counter_Core_0/inst/counter_core_inst/u_ts_engine/u_rd_ptr_cdc/rd_ptr_bin_at_wr[0]
    SLICE_X39Y23         LUT6 (Prop_lut6_I1_O)        0.105     7.155 r  ps_i/Counter_Core_0/inst/counter_core_inst/u_ts_engine/u_rd_ptr_cdc/fifo_full0_carry_i_4/O
                         net (fo=1, routed)           0.000     7.155    ps_i/Counter_Core_0/inst/counter_core_inst/u_ts_engine/u_rd_ptr_cdc_n_5
    SLICE_X39Y23         CARRY4 (Prop_carry4_S[0]_CO[3])
                                                      0.440     7.595 f  ps_i/Counter_Core_0/inst/counter_core_inst/u_ts_engine/fifo_full0_carry/CO[3]
                         net (fo=4, routed)           0.517     8.112    ps_i/Counter_Core_0/inst/counter_core_inst/u_ts_engine/u_rd_ptr_cdc/CO[0]
    SLICE_X39Y22         LUT3 (Prop_lut3_I0_O)        0.105     8.217 r  ps_i/Counter_Core_0/inst/counter_core_inst/u_ts_engine/u_rd_ptr_cdc/fifo_mem_reg_7_i_3/O
                         net (fo=8, routed)           0.644     8.861    ps_i/Counter_Core_0/inst/counter_core_inst/u_ts_engine/wr_en0
    RAMB36_X2Y4          RAMB36E1                                     r  ps_i/Counter_Core_0/inst/counter_core_inst/u_ts_engine/fifo_mem_reg_6/WEA[0]
  -------------------------------------------------------------------    -------------------

                         (clock clk_fs rise edge)     3.200     3.200 r  
    Y12                                               0.000     3.200 r  clk_fs_p (IN)
                         net (fo=0)                   0.000     3.200    ps_i/Counter_Core_0/inst/clk_fs_p
    Y12                  IBUFDS (Prop_ibufds_I_O)     0.908     4.108 r  ps_i/Counter_Core_0/inst/ibufds_fs/O
                         net (fo=1, routed)           2.156     6.264    ps_i/Counter_Core_0/inst/clk_fs_ibuf
    BUFGCTRL_X0Y0        BUFG (Prop_bufg_I_O)         0.078     6.342 r  ps_i/Counter_Core_0/inst/bufg_fs/O
                         net (fo=599, routed)         1.276     7.618    ps_i/Counter_Core_0/inst/counter_core_inst/u_ts_engine/CLK
    RAMB36_X2Y4          RAMB36E1                                     r  ps_i/Counter_Core_0/inst/counter_core_inst/u_ts_engine/fifo_mem_reg_6/CLKARDCLK
                         clock pessimism              0.510     8.128    
                         clock uncertainty           -0.035     8.092    
    RAMB36_X2Y4          RAMB36E1 (Setup_ramb36e1_CLKARDCLK_WEA[0])
                                                     -0.476     7.616    ps_i/Counter_Core_0/inst/counter_core_inst/u_ts_engine/fifo_mem_reg_6
  -------------------------------------------------------------------
                         required time                          7.616    
                         arrival time                          -8.861    
  -------------------------------------------------------------------
                         slack                                 -1.245    

Slack (VIOLATED) :        -1.132ns  (required time - arrival time)
  Source:                 ps_i/Counter_Core_0/inst/counter_core_inst/u_ts_engine/u_rd_ptr_cdc/gray_s2_reg[12]/C
                            (rising edge-triggered cell FDRE clocked by clk_fs  {rise@0.000ns fall@1.600ns period=3.200ns})
  Destination:            ps_i/Counter_Core_0/inst/counter_core_inst/u_ts_engine/lost_count_fs_reg[24]/CE
                            (rising edge-triggered cell FDRE clocked by clk_fs  {rise@0.000ns fall@1.600ns period=3.200ns})
  Path Group:             clk_fs
  Path Type:              Setup (Max at Slow Process Corner)
  Requirement:            3.200ns  (clk_fs rise@3.200ns - clk_fs rise@0.000ns)
  Data Path Delay:        4.075ns  (logic 1.239ns (30.407%)  route 2.836ns (69.593%))
  Logic Levels:           5  (CARRY4=1 LUT5=1 LUT6=3)
  Clock Path Skew:        -0.054ns (DCD - SCD + CPR)
    Destination Clock Delay (DCD):    4.380ns = ( 7.580 - 3.200 ) 
    Source Clock Delay      (SCD):    4.944ns
    Clock Pessimism Removal (CPR):    0.510ns
  Clock Uncertainty:      0.035ns  ((TSJ^2 + TIJ^2)^1/2 + DJ) / 2 + PE
    Total System Jitter     (TSJ):    0.071ns
    Total Input Jitter      (TIJ):    0.000ns
    Discrete Jitter          (DJ):    0.000ns
    Phase Error              (PE):    0.000ns

    Location             Delay type                Incr(ns)  Path(ns)    Netlist Resource(s)
  -------------------------------------------------------------------    -------------------
                         (clock clk_fs rise edge)     0.000     0.000 r  
    Y12                                               0.000     0.000 r  clk_fs_p (IN)
                         net (fo=0)                   0.000     0.000    ps_i/Counter_Core_0/inst/clk_fs_p
    Y12                  IBUFDS (Prop_ibufds_I_O)     0.948     0.948 r  ps_i/Counter_Core_0/inst/ibufds_fs/O
                         net (fo=1, routed)           2.521     3.469    ps_i/Counter_Core_0/inst/clk_fs_ibuf
    BUFGCTRL_X0Y0        BUFG (Prop_bufg_I_O)         0.086     3.555 r  ps_i/Counter_Core_0/inst/bufg_fs/O
                         net (fo=599, routed)         1.389     4.944    ps_i/Counter_Core_0/inst/counter_core_inst/u_ts_engine/u_rd_ptr_cdc/CLK
    SLICE_X39Y26         FDRE                                         r  ps_i/Counter_Core_0/inst/counter_core_inst/u_ts_engine/u_rd_ptr_cdc/gray_s2_reg[12]/C
  -------------------------------------------------------------------    -------------------
    SLICE_X39Y26         FDRE (Prop_fdre_C_Q)         0.379     5.323 r  ps_i/Counter_Core_0/inst/counter_core_inst/u_ts_engine/u_rd_ptr_cdc/gray_s2_reg[12]/Q
                         net (fo=11, routed)          0.832     6.155    ps_i/Counter_Core_0/inst/counter_core_inst/u_ts_engine/u_rd_ptr_cdc/gray_s2[12]
    SLICE_X38Y24         LUT5 (Prop_lut5_I0_O)        0.105     6.260 r  ps_i/Counter_Core_0/inst/counter_core_inst/u_ts_engine/u_rd_ptr_cdc/fifo_full0_carry_i_17/O
                         net (fo=2, routed)           0.233     6.494    ps_i/Counter_Core_0/inst/counter_core_inst/u_ts_engine/u_rd_ptr_cdc/rd_ptr_bin_at_wr[8]
    SLICE_X38Y24         LUT6 (Prop_lut6_I0_O)        0.105     6.599 r  ps_i/Counter_Core_0/inst/counter_core_inst/u_ts_engine/u_rd_ptr_cdc/fifo_full0_carry_i_13/O
                         net (fo=1, routed)           0.452     7.050    ps_i/Counter_Core_0/inst/counter_core_inst/u_ts_engine/u_rd_ptr_cdc/rd_ptr_bin_at_wr[0]
    SLICE_X39Y23         LUT6 (Prop_lut6_I1_O)        0.105     7.155 r  ps_i/Counter_Core_0/inst/counter_core_inst/u_ts_engine/u_rd_ptr_cdc/fifo_full0_carry_i_4/O
                         net (fo=1, routed)           0.000     7.155    ps_i/Counter_Core_0/inst/counter_core_inst/u_ts_engine/u_rd_ptr_cdc_n_5
    SLICE_X39Y23         CARRY4 (Prop_carry4_S[0]_CO[3])
                                                      0.440     7.595 r  ps_i/Counter_Core_0/inst/counter_core_inst/u_ts_engine/fifo_full0_carry/CO[3]
                         net (fo=4, routed)           0.677     8.272    ps_i/Counter_Core_0/inst/counter_core_inst/u_ts_engine/u_rd_ptr_cdc/CO[0]
    SLICE_X42Y23         LUT6 (Prop_lut6_I3_O)        0.105     8.377 r  ps_i/Counter_Core_0/inst/counter_core_inst/u_ts_engine/u_rd_ptr_cdc/ovf_sticky_i_1/O
                         net (fo=34, routed)          0.642     9.019    ps_i/Counter_Core_0/inst/counter_core_inst/u_ts_engine/wr_drop
    SLICE_X40Y28         FDRE                                         r  ps_i/Counter_Core_0/inst/counter_core_inst/u_ts_engine/lost_count_fs_reg[24]/CE
  -------------------------------------------------------------------    -------------------

                         (clock clk_fs rise edge)     3.200     3.200 r  
    Y12                                               0.000     3.200 r  clk_fs_p (IN)
                         net (fo=0)                   0.000     3.200    ps_i/Counter_Core_0/inst/clk_fs_p
    Y12                  IBUFDS (Prop_ibufds_I_O)     0.908     4.108 r  ps_i/Counter_Core_0/inst/ibufds_fs/O
                         net (fo=1, routed)           2.156     6.264    ps_i/Counter_Core_0/inst/clk_fs_ibuf
    BUFGCTRL_X0Y0        BUFG (Prop_bufg_I_O)         0.078     6.342 r  ps_i/Counter_Core_0/inst/bufg_fs/O
                         net (fo=599, routed)         1.239     7.580    ps_i/Counter_Core_0/inst/counter_core_inst/u_ts_engine/CLK
    SLICE_X40Y28         FDRE                                         r  ps_i/Counter_Core_0/inst/counter_core_inst/u_ts_engine/lost_count_fs_reg[24]/C
                         clock pessimism              0.510     8.090    
                         clock uncertainty           -0.035     8.055    
    SLICE_X40Y28         FDRE (Setup_fdre_C_CE)      -0.168     7.887    ps_i/Counter_Core_0/inst/counter_core_inst/u_ts_engine/lost_count_fs_reg[24]
  -------------------------------------------------------------------
                         required time                          7.887    
                         arrival time                          -9.019    
  -------------------------------------------------------------------
                         slack                                 -1.132    

Slack (VIOLATED) :        -1.132ns  (required time - arrival time)
  Source:                 ps_i/Counter_Core_0/inst/counter_core_inst/u_ts_engine/u_rd_ptr_cdc/gray_s2_reg[12]/C
                            (rising edge-triggered cell FDRE clocked by clk_fs  {rise@0.000ns fall@1.600ns period=3.200ns})
  Destination:            ps_i/Counter_Core_0/inst/counter_core_inst/u_ts_engine/lost_count_fs_reg[25]/CE
                            (rising edge-triggered cell FDRE clocked by clk_fs  {rise@0.000ns fall@1.600ns period=3.200ns})
  Path Group:             clk_fs
  Path Type:              Setup (Max at Slow Process Corner)
  Requirement:            3.200ns  (clk_fs rise@3.200ns - clk_fs rise@0.000ns)
  Data Path Delay:        4.075ns  (logic 1.239ns (30.407%)  route 2.836ns (69.593%))
  Logic Levels:           5  (CARRY4=1 LUT5=1 LUT6=3)
  Clock Path Skew:        -0.054ns (DCD - SCD + CPR)
    Destination Clock Delay (DCD):    4.380ns = ( 7.580 - 3.200 ) 
    Source Clock Delay      (SCD):    4.944ns
    Clock Pessimism Removal (CPR):    0.510ns
  Clock Uncertainty:      0.035ns  ((TSJ^2 + TIJ^2)^1/2 + DJ) / 2 + PE
    Total System Jitter     (TSJ):    0.071ns
    Total Input Jitter      (TIJ):    0.000ns
    Discrete Jitter          (DJ):    0.000ns
    Phase Error              (PE):    0.000ns

    Location             Delay type                Incr(ns)  Path(ns)    Netlist Resource(s)
  -------------------------------------------------------------------    -------------------
                         (clock clk_fs rise edge)     0.000     0.000 r  
    Y12                                               0.000     0.000 r  clk_fs_p (IN)
                         net (fo=0)                   0.000     0.000    ps_i/Counter_Core_0/inst/clk_fs_p
    Y12                  IBUFDS (Prop_ibufds_I_O)     0.948     0.948 r  ps_i/Counter_Core_0/inst/ibufds_fs/O
                         net (fo=1, routed)           2.521     3.469    ps_i/Counter_Core_0/inst/clk_fs_ibuf
    BUFGCTRL_X0Y0        BUFG (Prop_bufg_I_O)         0.086     3.555 r  ps_i/Counter_Core_0/inst/bufg_fs/O
                         net (fo=599, routed)         1.389     4.944    ps_i/Counter_Core_0/inst/counter_core_inst/u_ts_engine/u_rd_ptr_cdc/CLK
    SLICE_X39Y26         FDRE                                         r  ps_i/Counter_Core_0/inst/counter_core_inst/u_ts_engine/u_rd_ptr_cdc/gray_s2_reg[12]/C
  -------------------------------------------------------------------    -------------------
    SLICE_X39Y26         FDRE (Prop_fdre_C_Q)         0.379     5.323 r  ps_i/Counter_Core_0/inst/counter_core_inst/u_ts_engine/u_rd_ptr_cdc/gray_s2_reg[12]/Q
                         net (fo=11, routed)          0.832     6.155    ps_i/Counter_Core_0/inst/counter_core_inst/u_ts_engine/u_rd_ptr_cdc/gray_s2[12]
    SLICE_X38Y24         LUT5 (Prop_lut5_I0_O)        0.105     6.260 r  ps_i/Counter_Core_0/inst/counter_core_inst/u_ts_engine/u_rd_ptr_cdc/fifo_full0_carry_i_17/O
                         net (fo=2, routed)           0.233     6.494    ps_i/Counter_Core_0/inst/counter_core_inst/u_ts_engine/u_rd_ptr_cdc/rd_ptr_bin_at_wr[8]
    SLICE_X38Y24         LUT6 (Prop_lut6_I0_O)        0.105     6.599 r  ps_i/Counter_Core_0/inst/counter_core_inst/u_ts_engine/u_rd_ptr_cdc/fifo_full0_carry_i_13/O
                         net (fo=1, routed)           0.452     7.050    ps_i/Counter_Core_0/inst/counter_core_inst/u_ts_engine/u_rd_ptr_cdc/rd_ptr_bin_at_wr[0]
    SLICE_X39Y23         LUT6 (Prop_lut6_I1_O)        0.105     7.155 r  ps_i/Counter_Core_0/inst/counter_core_inst/u_ts_engine/u_rd_ptr_cdc/fifo_full0_carry_i_4/O
                         net (fo=1, routed)           0.000     7.155    ps_i/Counter_Core_0/inst/counter_core_inst/u_ts_engine/u_rd_ptr_cdc_n_5
    SLICE_X39Y23         CARRY4 (Prop_carry4_S[0]_CO[3])
                                                      0.440     7.595 r  ps_i/Counter_Core_0/inst/counter_core_inst/u_ts_engine/fifo_full0_carry/CO[3]
                         net (fo=4, routed)           0.677     8.272    ps_i/Counter_Core_0/inst/counter_core_inst/u_ts_engine/u_rd_ptr_cdc/CO[0]
    SLICE_X42Y23         LUT6 (Prop_lut6_I3_O)        0.105     8.377 r  ps_i/Counter_Core_0/inst/counter_core_inst/u_ts_engine/u_rd_ptr_cdc/ovf_sticky_i_1/O
                         net (fo=34, routed)          0.642     9.019    ps_i/Counter_Core_0/inst/counter_core_inst/u_ts_engine/wr_drop
    SLICE_X40Y28         FDRE                                         r  ps_i/Counter_Core_0/inst/counter_core_inst/u_ts_engine/lost_count_fs_reg[25]/CE
  -------------------------------------------------------------------    -------------------

                         (clock clk_fs rise edge)     3.200     3.200 r  
    Y12                                               0.000     3.200 r  clk_fs_p (IN)
                         net (fo=0)                   0.000     3.200    ps_i/Counter_Core_0/inst/clk_fs_p
    Y12                  IBUFDS (Prop_ibufds_I_O)     0.908     4.108 r  ps_i/Counter_Core_0/inst/ibufds_fs/O
                         net (fo=1, routed)           2.156     6.264    ps_i/Counter_Core_0/inst/clk_fs_ibuf
    BUFGCTRL_X0Y0        BUFG (Prop_bufg_I_O)         0.078     6.342 r  ps_i/Counter_Core_0/inst/bufg_fs/O
                         net (fo=599, routed)         1.239     7.580    ps_i/Counter_Core_0/inst/counter_core_inst/u_ts_engine/CLK
    SLICE_X40Y28         FDRE                                         r  ps_i/Counter_Core_0/inst/counter_core_inst/u_ts_engine/lost_count_fs_reg[25]/C
                         clock pessimism              0.510     8.090    
                         clock uncertainty           -0.035     8.055    
    SLICE_X40Y28         FDRE (Setup_fdre_C_CE)      -0.168     7.887    ps_i/Counter_Core_0/inst/counter_core_inst/u_ts_engine/lost_count_fs_reg[25]
  -------------------------------------------------------------------
                         required time                          7.887    
                         arrival time                          -9.019    
  -------------------------------------------------------------------
                         slack                                 -1.132    

Slack (VIOLATED) :        -1.132ns  (required time - arrival time)
  Source:                 ps_i/Counter_Core_0/inst/counter_core_inst/u_ts_engine/u_rd_ptr_cdc/gray_s2_reg[12]/C
                            (rising edge-triggered cell FDRE clocked by clk_fs  {rise@0.000ns fall@1.600ns period=3.200ns})
  Destination:            ps_i/Counter_Core_0/inst/counter_core_inst/u_ts_engine/lost_count_fs_reg[26]/CE
                            (rising edge-triggered cell FDRE clocked by clk_fs  {rise@0.000ns fall@1.600ns period=3.200ns})
  Path Group:             clk_fs
  Path Type:              Setup (Max at Slow Process Corner)
  Requirement:            3.200ns  (clk_fs rise@3.200ns - clk_fs rise@0.000ns)
  Data Path Delay:        4.075ns  (logic 1.239ns (30.407%)  route 2.836ns (69.593%))
  Logic Levels:           5  (CARRY4=1 LUT5=1 LUT6=3)
  Clock Path Skew:        -0.054ns (DCD - SCD + CPR)
    Destination Clock Delay (DCD):    4.380ns = ( 7.580 - 3.200 ) 
    Source Clock Delay      (SCD):    4.944ns
    Clock Pessimism Removal (CPR):    0.510ns
  Clock Uncertainty:      0.035ns  ((TSJ^2 + TIJ^2)^1/2 + DJ) / 2 + PE
    Total System Jitter     (TSJ):    0.071ns
    Total Input Jitter      (TIJ):    0.000ns
    Discrete Jitter          (DJ):    0.000ns
    Phase Error              (PE):    0.000ns

    Location             Delay type                Incr(ns)  Path(ns)    Netlist Resource(s)
  -------------------------------------------------------------------    -------------------
                         (clock clk_fs rise edge)     0.000     0.000 r  
    Y12                                               0.000     0.000 r  clk_fs_p (IN)
                         net (fo=0)                   0.000     0.000    ps_i/Counter_Core_0/inst/clk_fs_p
    Y12                  IBUFDS (Prop_ibufds_I_O)     0.948     0.948 r  ps_i/Counter_Core_0/inst/ibufds_fs/O
                         net (fo=1, routed)           2.521     3.469    ps_i/Counter_Core_0/inst/clk_fs_ibuf
    BUFGCTRL_X0Y0        BUFG (Prop_bufg_I_O)         0.086     3.555 r  ps_i/Counter_Core_0/inst/bufg_fs/O
                         net (fo=599, routed)         1.389     4.944    ps_i/Counter_Core_0/inst/counter_core_inst/u_ts_engine/u_rd_ptr_cdc/CLK
    SLICE_X39Y26         FDRE                                         r  ps_i/Counter_Core_0/inst/counter_core_inst/u_ts_engine/u_rd_ptr_cdc/gray_s2_reg[12]/C
  -------------------------------------------------------------------    -------------------
    SLICE_X39Y26         FDRE (Prop_fdre_C_Q)         0.379     5.323 r  ps_i/Counter_Core_0/inst/counter_core_inst/u_ts_engine/u_rd_ptr_cdc/gray_s2_reg[12]/Q
                         net (fo=11, routed)          0.832     6.155    ps_i/Counter_Core_0/inst/counter_core_inst/u_ts_engine/u_rd_ptr_cdc/gray_s2[12]
    SLICE_X38Y24         LUT5 (Prop_lut5_I0_O)        0.105     6.260 r  ps_i/Counter_Core_0/inst/counter_core_inst/u_ts_engine/u_rd_ptr_cdc/fifo_full0_carry_i_17/O
                         net (fo=2, routed)           0.233     6.494    ps_i/Counter_Core_0/inst/counter_core_inst/u_ts_engine/u_rd_ptr_cdc/rd_ptr_bin_at_wr[8]
    SLICE_X38Y24         LUT6 (Prop_lut6_I0_O)        0.105     6.599 r  ps_i/Counter_Core_0/inst/counter_core_inst/u_ts_engine/u_rd_ptr_cdc/fifo_full0_carry_i_13/O
                         net (fo=1, routed)           0.452     7.050    ps_i/Counter_Core_0/inst/counter_core_inst/u_ts_engine/u_rd_ptr_cdc/rd_ptr_bin_at_wr[0]
    SLICE_X39Y23         LUT6 (Prop_lut6_I1_O)        0.105     7.155 r  ps_i/Counter_Core_0/inst/counter_core_inst/u_ts_engine/u_rd_ptr_cdc/fifo_full0_carry_i_4/O
                         net (fo=1, routed)           0.000     7.155    ps_i/Counter_Core_0/inst/counter_core_inst/u_ts_engine/u_rd_ptr_cdc_n_5
    SLICE_X39Y23         CARRY4 (Prop_carry4_S[0]_CO[3])
                                                      0.440     7.595 r  ps_i/Counter_Core_0/inst/counter_core_inst/u_ts_engine/fifo_full0_carry/CO[3]
                         net (fo=4, routed)           0.677     8.272    ps_i/Counter_Core_0/inst/counter_core_inst/u_ts_engine/u_rd_ptr_cdc/CO[0]
    SLICE_X42Y23         LUT6 (Prop_lut6_I3_O)        0.105     8.377 r  ps_i/Counter_Core_0/inst/counter_core_inst/u_ts_engine/u_rd_ptr_cdc/ovf_sticky_i_1/O
                         net (fo=34, routed)          0.642     9.019    ps_i/Counter_Core_0/inst/counter_core_inst/u_ts_engine/wr_drop
    SLICE_X40Y28         FDRE                                         r  ps_i/Counter_Core_0/inst/counter_core_inst/u_ts_engine/lost_count_fs_reg[26]/CE
  -------------------------------------------------------------------    -------------------

                         (clock clk_fs rise edge)     3.200     3.200 r  
    Y12                                               0.000     3.200 r  clk_fs_p (IN)
                         net (fo=0)                   0.000     3.200    ps_i/Counter_Core_0/inst/clk_fs_p
    Y12                  IBUFDS (Prop_ibufds_I_O)     0.908     4.108 r  ps_i/Counter_Core_0/inst/ibufds_fs/O
                         net (fo=1, routed)           2.156     6.264    ps_i/Counter_Core_0/inst/clk_fs_ibuf
    BUFGCTRL_X0Y0        BUFG (Prop_bufg_I_O)         0.078     6.342 r  ps_i/Counter_Core_0/inst/bufg_fs/O
                         net (fo=599, routed)         1.239     7.580    ps_i/Counter_Core_0/inst/counter_core_inst/u_ts_engine/CLK
    SLICE_X40Y28         FDRE                                         r  ps_i/Counter_Core_0/inst/counter_core_inst/u_ts_engine/lost_count_fs_reg[26]/C
                         clock pessimism              0.510     8.090    
                         clock uncertainty           -0.035     8.055    
    SLICE_X40Y28         FDRE (Setup_fdre_C_CE)      -0.168     7.887    ps_i/Counter_Core_0/inst/counter_core_inst/u_ts_engine/lost_count_fs_reg[26]
  -------------------------------------------------------------------
                         required time                          7.887    
                         arrival time                          -9.019    
  -------------------------------------------------------------------
                         slack                                 -1.132    

Slack (VIOLATED) :        -1.132ns  (required time - arrival time)
  Source:                 ps_i/Counter_Core_0/inst/counter_core_inst/u_ts_engine/u_rd_ptr_cdc/gray_s2_reg[12]/C
                            (rising edge-triggered cell FDRE clocked by clk_fs  {rise@0.000ns fall@1.600ns period=3.200ns})
  Destination:            ps_i/Counter_Core_0/inst/counter_core_inst/u_ts_engine/lost_count_fs_reg[27]/CE
                            (rising edge-triggered cell FDRE clocked by clk_fs  {rise@0.000ns fall@1.600ns period=3.200ns})
  Path Group:             clk_fs
  Path Type:              Setup (Max at Slow Process Corner)
  Requirement:            3.200ns  (clk_fs rise@3.200ns - clk_fs rise@0.000ns)
  Data Path Delay:        4.075ns  (logic 1.239ns (30.407%)  route 2.836ns (69.593%))
  Logic Levels:           5  (CARRY4=1 LUT5=1 LUT6=3)
  Clock Path Skew:        -0.054ns (DCD - SCD + CPR)
    Destination Clock Delay (DCD):    4.380ns = ( 7.580 - 3.200 ) 
    Source Clock Delay      (SCD):    4.944ns
    Clock Pessimism Removal (CPR):    0.510ns
  Clock Uncertainty:      0.035ns  ((TSJ^2 + TIJ^2)^1/2 + DJ) / 2 + PE
    Total System Jitter     (TSJ):    0.071ns
    Total Input Jitter      (TIJ):    0.000ns
    Discrete Jitter          (DJ):    0.000ns
    Phase Error              (PE):    0.000ns

    Location             Delay type                Incr(ns)  Path(ns)    Netlist Resource(s)
  -------------------------------------------------------------------    -------------------
                         (clock clk_fs rise edge)     0.000     0.000 r  
    Y12                                               0.000     0.000 r  clk_fs_p (IN)
                         net (fo=0)                   0.000     0.000    ps_i/Counter_Core_0/inst/clk_fs_p
    Y12                  IBUFDS (Prop_ibufds_I_O)     0.948     0.948 r  ps_i/Counter_Core_0/inst/ibufds_fs/O
                         net (fo=1, routed)           2.521     3.469    ps_i/Counter_Core_0/inst/clk_fs_ibuf
    BUFGCTRL_X0Y0        BUFG (Prop_bufg_I_O)         0.086     3.555 r  ps_i/Counter_Core_0/inst/bufg_fs/O
                         net (fo=599, routed)         1.389     4.944    ps_i/Counter_Core_0/inst/counter_core_inst/u_ts_engine/u_rd_ptr_cdc/CLK
    SLICE_X39Y26         FDRE                                         r  ps_i/Counter_Core_0/inst/counter_core_inst/u_ts_engine/u_rd_ptr_cdc/gray_s2_reg[12]/C
  -------------------------------------------------------------------    -------------------
    SLICE_X39Y26         FDRE (Prop_fdre_C_Q)         0.379     5.323 r  ps_i/Counter_Core_0/inst/counter_core_inst/u_ts_engine/u_rd_ptr_cdc/gray_s2_reg[12]/Q
                         net (fo=11, routed)          0.832     6.155    ps_i/Counter_Core_0/inst/counter_core_inst/u_ts_engine/u_rd_ptr_cdc/gray_s2[12]
    SLICE_X38Y24         LUT5 (Prop_lut5_I0_O)        0.105     6.260 r  ps_i/Counter_Core_0/inst/counter_core_inst/u_ts_engine/u_rd_ptr_cdc/fifo_full0_carry_i_17/O
                         net (fo=2, routed)           0.233     6.494    ps_i/Counter_Core_0/inst/counter_core_inst/u_ts_engine/u_rd_ptr_cdc/rd_ptr_bin_at_wr[8]
    SLICE_X38Y24         LUT6 (Prop_lut6_I0_O)        0.105     6.599 r  ps_i/Counter_Core_0/inst/counter_core_inst/u_ts_engine/u_rd_ptr_cdc/fifo_full0_carry_i_13/O
                         net (fo=1, routed)           0.452     7.050    ps_i/Counter_Core_0/inst/counter_core_inst/u_ts_engine/u_rd_ptr_cdc/rd_ptr_bin_at_wr[0]
    SLICE_X39Y23         LUT6 (Prop_lut6_I1_O)        0.105     7.155 r  ps_i/Counter_Core_0/inst/counter_core_inst/u_ts_engine/u_rd_ptr_cdc/fifo_full0_carry_i_4/O
                         net (fo=1, routed)           0.000     7.155    ps_i/Counter_Core_0/inst/counter_core_inst/u_ts_engine/u_rd_ptr_cdc_n_5
    SLICE_X39Y23         CARRY4 (Prop_carry4_S[0]_CO[3])
                                                      0.440     7.595 r  ps_i/Counter_Core_0/inst/counter_core_inst/u_ts_engine/fifo_full0_carry/CO[3]
                         net (fo=4, routed)           0.677     8.272    ps_i/Counter_Core_0/inst/counter_core_inst/u_ts_engine/u_rd_ptr_cdc/CO[0]
    SLICE_X42Y23         LUT6 (Prop_lut6_I3_O)        0.105     8.377 r  ps_i/Counter_Core_0/inst/counter_core_inst/u_ts_engine/u_rd_ptr_cdc/ovf_sticky_i_1/O
                         net (fo=34, routed)          0.642     9.019    ps_i/Counter_Core_0/inst/counter_core_inst/u_ts_engine/wr_drop
    SLICE_X40Y28         FDRE                                         r  ps_i/Counter_Core_0/inst/counter_core_inst/u_ts_engine/lost_count_fs_reg[27]/CE
  -------------------------------------------------------------------    -------------------

                         (clock clk_fs rise edge)     3.200     3.200 r  
    Y12                                               0.000     3.200 r  clk_fs_p (IN)
                         net (fo=0)                   0.000     3.200    ps_i/Counter_Core_0/inst/clk_fs_p
    Y12                  IBUFDS (Prop_ibufds_I_O)     0.908     4.108 r  ps_i/Counter_Core_0/inst/ibufds_fs/O
                         net (fo=1, routed)           2.156     6.264    ps_i/Counter_Core_0/inst/clk_fs_ibuf
    BUFGCTRL_X0Y0        BUFG (Prop_bufg_I_O)         0.078     6.342 r  ps_i/Counter_Core_0/inst/bufg_fs/O
                         net (fo=599, routed)         1.239     7.580    ps_i/Counter_Core_0/inst/counter_core_inst/u_ts_engine/CLK
    SLICE_X40Y28         FDRE                                         r  ps_i/Counter_Core_0/inst/counter_core_inst/u_ts_engine/lost_count_fs_reg[27]/C
                         clock pessimism              0.510     8.090    
                         clock uncertainty           -0.035     8.055    
    SLICE_X40Y28         FDRE (Setup_fdre_C_CE)      -0.168     7.887    ps_i/Counter_Core_0/inst/counter_core_inst/u_ts_engine/lost_count_fs_reg[27]
  -------------------------------------------------------------------
                         required time                          7.887    
                         arrival time                          -9.019    
  -------------------------------------------------------------------
                         slack                                 -1.132    

Slack (VIOLATED) :        -1.106ns  (required time - arrival time)
  Source:                 ps_i/Counter_Core_0/inst/counter_core_inst/u_ts_engine/u_rd_ptr_cdc/gray_s2_reg[12]/C
                            (rising edge-triggered cell FDRE clocked by clk_fs  {rise@0.000ns fall@1.600ns period=3.200ns})
  Destination:            ps_i/Counter_Core_0/inst/counter_core_inst/u_ts_engine/lost_count_fs_reg[20]/CE
                            (rising edge-triggered cell FDRE clocked by clk_fs  {rise@0.000ns fall@1.600ns period=3.200ns})
  Path Group:             clk_fs
  Path Type:              Setup (Max at Slow Process Corner)
  Requirement:            3.200ns  (clk_fs rise@3.200ns - clk_fs rise@0.000ns)
  Data Path Delay:        4.048ns  (logic 1.239ns (30.604%)  route 2.809ns (69.396%))
  Logic Levels:           5  (CARRY4=1 LUT5=1 LUT6=3)
  Clock Path Skew:        -0.054ns (DCD - SCD + CPR)
    Destination Clock Delay (DCD):    4.380ns = ( 7.580 - 3.200 ) 
    Source Clock Delay      (SCD):    4.944ns
    Clock Pessimism Removal (CPR):    0.510ns
  Clock Uncertainty:      0.035ns  ((TSJ^2 + TIJ^2)^1/2 + DJ) / 2 + PE
    Total System Jitter     (TSJ):    0.071ns
    Total Input Jitter      (TIJ):    0.000ns
    Discrete Jitter          (DJ):    0.000ns
    Phase Error              (PE):    0.000ns

    Location             Delay type                Incr(ns)  Path(ns)    Netlist Resource(s)
  -------------------------------------------------------------------    -------------------
                         (clock clk_fs rise edge)     0.000     0.000 r  
    Y12                                               0.000     0.000 r  clk_fs_p (IN)
                         net (fo=0)                   0.000     0.000    ps_i/Counter_Core_0/inst/clk_fs_p
    Y12                  IBUFDS (Prop_ibufds_I_O)     0.948     0.948 r  ps_i/Counter_Core_0/inst/ibufds_fs/O
                         net (fo=1, routed)           2.521     3.469    ps_i/Counter_Core_0/inst/clk_fs_ibuf
    BUFGCTRL_X0Y0        BUFG (Prop_bufg_I_O)         0.086     3.555 r  ps_i/Counter_Core_0/inst/bufg_fs/O
                         net (fo=599, routed)         1.389     4.944    ps_i/Counter_Core_0/inst/counter_core_inst/u_ts_engine/u_rd_ptr_cdc/CLK
    SLICE_X39Y26         FDRE                                         r  ps_i/Counter_Core_0/inst/counter_core_inst/u_ts_engine/u_rd_ptr_cdc/gray_s2_reg[12]/C
  -------------------------------------------------------------------    -------------------
    SLICE_X39Y26         FDRE (Prop_fdre_C_Q)         0.379     5.323 r  ps_i/Counter_Core_0/inst/counter_core_inst/u_ts_engine/u_rd_ptr_cdc/gray_s2_reg[12]/Q
                         net (fo=11, routed)          0.832     6.155    ps_i/Counter_Core_0/inst/counter_core_inst/u_ts_engine/u_rd_ptr_cdc/gray_s2[12]
    SLICE_X38Y24         LUT5 (Prop_lut5_I0_O)        0.105     6.260 r  ps_i/Counter_Core_0/inst/counter_core_inst/u_ts_engine/u_rd_ptr_cdc/fifo_full0_carry_i_17/O
                         net (fo=2, routed)           0.233     6.494    ps_i/Counter_Core_0/inst/counter_core_inst/u_ts_engine/u_rd_ptr_cdc/rd_ptr_bin_at_wr[8]
    SLICE_X38Y24         LUT6 (Prop_lut6_I0_O)        0.105     6.599 r  ps_i/Counter_Core_0/inst/counter_core_inst/u_ts_engine/u_rd_ptr_cdc/fifo_full0_carry_i_13/O
                         net (fo=1, routed)           0.452     7.050    ps_i/Counter_Core_0/inst/counter_core_inst/u_ts_engine/u_rd_ptr_cdc/rd_ptr_bin_at_wr[0]
    SLICE_X39Y23         LUT6 (Prop_lut6_I1_O)        0.105     7.155 r  ps_i/Counter_Core_0/inst/counter_core_inst/u_ts_engine/u_rd_ptr_cdc/fifo_full0_carry_i_4/O
                         net (fo=1, routed)           0.000     7.155    ps_i/Counter_Core_0/inst/counter_core_inst/u_ts_engine/u_rd_ptr_cdc_n_5
    SLICE_X39Y23         CARRY4 (Prop_carry4_S[0]_CO[3])
                                                      0.440     7.595 r  ps_i/Counter_Core_0/inst/counter_core_inst/u_ts_engine/fifo_full0_carry/CO[3]
                         net (fo=4, routed)           0.677     8.272    ps_i/Counter_Core_0/inst/counter_core_inst/u_ts_engine/u_rd_ptr_cdc/CO[0]
    SLICE_X42Y23         LUT6 (Prop_lut6_I3_O)        0.105     8.377 r  ps_i/Counter_Core_0/inst/counter_core_inst/u_ts_engine/u_rd_ptr_cdc/ovf_sticky_i_1/O
                         net (fo=34, routed)          0.616     8.993    ps_i/Counter_Core_0/inst/counter_core_inst/u_ts_engine/wr_drop
    SLICE_X40Y27         FDRE                                         r  ps_i/Counter_Core_0/inst/counter_core_inst/u_ts_engine/lost_count_fs_reg[20]/CE
  -------------------------------------------------------------------    -------------------

                         (clock clk_fs rise edge)     3.200     3.200 r  
    Y12                                               0.000     3.200 r  clk_fs_p (IN)
                         net (fo=0)                   0.000     3.200    ps_i/Counter_Core_0/inst/clk_fs_p
    Y12                  IBUFDS (Prop_ibufds_I_O)     0.908     4.108 r  ps_i/Counter_Core_0/inst/ibufds_fs/O
                         net (fo=1, routed)           2.156     6.264    ps_i/Counter_Core_0/inst/clk_fs_ibuf
    BUFGCTRL_X0Y0        BUFG (Prop_bufg_I_O)         0.078     6.342 r  ps_i/Counter_Core_0/inst/bufg_fs/O
                         net (fo=599, routed)         1.239     7.580    ps_i/Counter_Core_0/inst/counter_core_inst/u_ts_engine/CLK
    SLICE_X40Y27         FDRE                                         r  ps_i/Counter_Core_0/inst/counter_core_inst/u_ts_engine/lost_count_fs_reg[20]/C
                         clock pessimism              0.510     8.090    
                         clock uncertainty           -0.035     8.055    
    SLICE_X40Y27         FDRE (Setup_fdre_C_CE)      -0.168     7.887    ps_i/Counter_Core_0/inst/counter_core_inst/u_ts_engine/lost_count_fs_reg[20]
  -------------------------------------------------------------------
                         required time                          7.887    
                         arrival time                          -8.993    
  -------------------------------------------------------------------
                         slack                                 -1.106    

Slack (VIOLATED) :        -1.106ns  (required time - arrival time)
  Source:                 ps_i/Counter_Core_0/inst/counter_core_inst/u_ts_engine/u_rd_ptr_cdc/gray_s2_reg[12]/C
                            (rising edge-triggered cell FDRE clocked by clk_fs  {rise@0.000ns fall@1.600ns period=3.200ns})
  Destination:            ps_i/Counter_Core_0/inst/counter_core_inst/u_ts_engine/lost_count_fs_reg[21]/CE
                            (rising edge-triggered cell FDRE clocked by clk_fs  {rise@0.000ns fall@1.600ns period=3.200ns})
  Path Group:             clk_fs
  Path Type:              Setup (Max at Slow Process Corner)
  Requirement:            3.200ns  (clk_fs rise@3.200ns - clk_fs rise@0.000ns)
  Data Path Delay:        4.048ns  (logic 1.239ns (30.604%)  route 2.809ns (69.396%))
  Logic Levels:           5  (CARRY4=1 LUT5=1 LUT6=3)
  Clock Path Skew:        -0.054ns (DCD - SCD + CPR)
    Destination Clock Delay (DCD):    4.380ns = ( 7.580 - 3.200 ) 
    Source Clock Delay      (SCD):    4.944ns
    Clock Pessimism Removal (CPR):    0.510ns
  Clock Uncertainty:      0.035ns  ((TSJ^2 + TIJ^2)^1/2 + DJ) / 2 + PE
    Total System Jitter     (TSJ):    0.071ns
    Total Input Jitter      (TIJ):    0.000ns
    Discrete Jitter          (DJ):    0.000ns
    Phase Error              (PE):    0.000ns

    Location             Delay type                Incr(ns)  Path(ns)    Netlist Resource(s)
  -------------------------------------------------------------------    -------------------
                         (clock clk_fs rise edge)     0.000     0.000 r  
    Y12                                               0.000     0.000 r  clk_fs_p (IN)
                         net (fo=0)                   0.000     0.000    ps_i/Counter_Core_0/inst/clk_fs_p
    Y12                  IBUFDS (Prop_ibufds_I_O)     0.948     0.948 r  ps_i/Counter_Core_0/inst/ibufds_fs/O
                         net (fo=1, routed)           2.521     3.469    ps_i/Counter_Core_0/inst/clk_fs_ibuf
    BUFGCTRL_X0Y0        BUFG (Prop_bufg_I_O)         0.086     3.555 r  ps_i/Counter_Core_0/inst/bufg_fs/O
                         net (fo=599, routed)         1.389     4.944    ps_i/Counter_Core_0/inst/counter_core_inst/u_ts_engine/u_rd_ptr_cdc/CLK
    SLICE_X39Y26         FDRE                                         r  ps_i/Counter_Core_0/inst/counter_core_inst/u_ts_engine/u_rd_ptr_cdc/gray_s2_reg[12]/C
  -------------------------------------------------------------------    -------------------
    SLICE_X39Y26         FDRE (Prop_fdre_C_Q)         0.379     5.323 r  ps_i/Counter_Core_0/inst/counter_core_inst/u_ts_engine/u_rd_ptr_cdc/gray_s2_reg[12]/Q
                         net (fo=11, routed)          0.832     6.155    ps_i/Counter_Core_0/inst/counter_core_inst/u_ts_engine/u_rd_ptr_cdc/gray_s2[12]
    SLICE_X38Y24         LUT5 (Prop_lut5_I0_O)        0.105     6.260 r  ps_i/Counter_Core_0/inst/counter_core_inst/u_ts_engine/u_rd_ptr_cdc/fifo_full0_carry_i_17/O
                         net (fo=2, routed)           0.233     6.494    ps_i/Counter_Core_0/inst/counter_core_inst/u_ts_engine/u_rd_ptr_cdc/rd_ptr_bin_at_wr[8]
    SLICE_X38Y24         LUT6 (Prop_lut6_I0_O)        0.105     6.599 r  ps_i/Counter_Core_0/inst/counter_core_inst/u_ts_engine/u_rd_ptr_cdc/fifo_full0_carry_i_13/O
                         net (fo=1, routed)           0.452     7.050    ps_i/Counter_Core_0/inst/counter_core_inst/u_ts_engine/u_rd_ptr_cdc/rd_ptr_bin_at_wr[0]
    SLICE_X39Y23         LUT6 (Prop_lut6_I1_O)        0.105     7.155 r  ps_i/Counter_Core_0/inst/counter_core_inst/u_ts_engine/u_rd_ptr_cdc/fifo_full0_carry_i_4/O
                         net (fo=1, routed)           0.000     7.155    ps_i/Counter_Core_0/inst/counter_core_inst/u_ts_engine/u_rd_ptr_cdc_n_5
    SLICE_X39Y23         CARRY4 (Prop_carry4_S[0]_CO[3])
                                                      0.440     7.595 r  ps_i/Counter_Core_0/inst/counter_core_inst/u_ts_engine/fifo_full0_carry/CO[3]
                         net (fo=4, routed)           0.677     8.272    ps_i/Counter_Core_0/inst/counter_core_inst/u_ts_engine/u_rd_ptr_cdc/CO[0]
    SLICE_X42Y23         LUT6 (Prop_lut6_I3_O)        0.105     8.377 r  ps_i/Counter_Core_0/inst/counter_core_inst/u_ts_engine/u_rd_ptr_cdc/ovf_sticky_i_1/O
                         net (fo=34, routed)          0.616     8.993    ps_i/Counter_Core_0/inst/counter_core_inst/u_ts_engine/wr_drop
    SLICE_X40Y27         FDRE                                         r  ps_i/Counter_Core_0/inst/counter_core_inst/u_ts_engine/lost_count_fs_reg[21]/CE
  -------------------------------------------------------------------    -------------------

                         (clock clk_fs rise edge)     3.200     3.200 r  
    Y12                                               0.000     3.200 r  clk_fs_p (IN)
                         net (fo=0)                   0.000     3.200    ps_i/Counter_Core_0/inst/clk_fs_p
    Y12                  IBUFDS (Prop_ibufds_I_O)     0.908     4.108 r  ps_i/Counter_Core_0/inst/ibufds_fs/O
                         net (fo=1, routed)           2.156     6.264    ps_i/Counter_Core_0/inst/clk_fs_ibuf
    BUFGCTRL_X0Y0        BUFG (Prop_bufg_I_O)         0.078     6.342 r  ps_i/Counter_Core_0/inst/bufg_fs/O
                         net (fo=599, routed)         1.239     7.580    ps_i/Counter_Core_0/inst/counter_core_inst/u_ts_engine/CLK
    SLICE_X40Y27         FDRE                                         r  ps_i/Counter_Core_0/inst/counter_core_inst/u_ts_engine/lost_count_fs_reg[21]/C
                         clock pessimism              0.510     8.090    
                         clock uncertainty           -0.035     8.055    
    SLICE_X40Y27         FDRE (Setup_fdre_C_CE)      -0.168     7.887    ps_i/Counter_Core_0/inst/counter_core_inst/u_ts_engine/lost_count_fs_reg[21]
  -------------------------------------------------------------------
                         required time                          7.887    
                         arrival time                          -8.993    
  -------------------------------------------------------------------
                         slack                                 -1.106    

Slack (VIOLATED) :        -1.106ns  (required time - arrival time)
  Source:                 ps_i/Counter_Core_0/inst/counter_core_inst/u_ts_engine/u_rd_ptr_cdc/gray_s2_reg[12]/C
                            (rising edge-triggered cell FDRE clocked by clk_fs  {rise@0.000ns fall@1.600ns period=3.200ns})
  Destination:            ps_i/Counter_Core_0/inst/counter_core_inst/u_ts_engine/lost_count_fs_reg[22]/CE
                            (rising edge-triggered cell FDRE clocked by clk_fs  {rise@0.000ns fall@1.600ns period=3.200ns})
  Path Group:             clk_fs
  Path Type:              Setup (Max at Slow Process Corner)
  Requirement:            3.200ns  (clk_fs rise@3.200ns - clk_fs rise@0.000ns)
  Data Path Delay:        4.048ns  (logic 1.239ns (30.604%)  route 2.809ns (69.396%))
  Logic Levels:           5  (CARRY4=1 LUT5=1 LUT6=3)
  Clock Path Skew:        -0.054ns (DCD - SCD + CPR)
    Destination Clock Delay (DCD):    4.380ns = ( 7.580 - 3.200 ) 
    Source Clock Delay      (SCD):    4.944ns
    Clock Pessimism Removal (CPR):    0.510ns
  Clock Uncertainty:      0.035ns  ((TSJ^2 + TIJ^2)^1/2 + DJ) / 2 + PE
    Total System Jitter     (TSJ):    0.071ns
    Total Input Jitter      (TIJ):    0.000ns
    Discrete Jitter          (DJ):    0.000ns
    Phase Error              (PE):    0.000ns

    Location             Delay type                Incr(ns)  Path(ns)    Netlist Resource(s)
  -------------------------------------------------------------------    -------------------
                         (clock clk_fs rise edge)     0.000     0.000 r  
    Y12                                               0.000     0.000 r  clk_fs_p (IN)
                         net (fo=0)                   0.000     0.000    ps_i/Counter_Core_0/inst/clk_fs_p
    Y12                  IBUFDS (Prop_ibufds_I_O)     0.948     0.948 r  ps_i/Counter_Core_0/inst/ibufds_fs/O
                         net (fo=1, routed)           2.521     3.469    ps_i/Counter_Core_0/inst/clk_fs_ibuf
    BUFGCTRL_X0Y0        BUFG (Prop_bufg_I_O)         0.086     3.555 r  ps_i/Counter_Core_0/inst/bufg_fs/O
                         net (fo=599, routed)         1.389     4.944    ps_i/Counter_Core_0/inst/counter_core_inst/u_ts_engine/u_rd_ptr_cdc/CLK
    SLICE_X39Y26         FDRE                                         r  ps_i/Counter_Core_0/inst/counter_core_inst/u_ts_engine/u_rd_ptr_cdc/gray_s2_reg[12]/C
  -------------------------------------------------------------------    -------------------
    SLICE_X39Y26         FDRE (Prop_fdre_C_Q)         0.379     5.323 r  ps_i/Counter_Core_0/inst/counter_core_inst/u_ts_engine/u_rd_ptr_cdc/gray_s2_reg[12]/Q
                         net (fo=11, routed)          0.832     6.155    ps_i/Counter_Core_0/inst/counter_core_inst/u_ts_engine/u_rd_ptr_cdc/gray_s2[12]
    SLICE_X38Y24         LUT5 (Prop_lut5_I0_O)        0.105     6.260 r  ps_i/Counter_Core_0/inst/counter_core_inst/u_ts_engine/u_rd_ptr_cdc/fifo_full0_carry_i_17/O
                         net (fo=2, routed)           0.233     6.494    ps_i/Counter_Core_0/inst/counter_core_inst/u_ts_engine/u_rd_ptr_cdc/rd_ptr_bin_at_wr[8]
    SLICE_X38Y24         LUT6 (Prop_lut6_I0_O)        0.105     6.599 r  ps_i/Counter_Core_0/inst/counter_core_inst/u_ts_engine/u_rd_ptr_cdc/fifo_full0_carry_i_13/O
                         net (fo=1, routed)           0.452     7.050    ps_i/Counter_Core_0/inst/counter_core_inst/u_ts_engine/u_rd_ptr_cdc/rd_ptr_bin_at_wr[0]
    SLICE_X39Y23         LUT6 (Prop_lut6_I1_O)        0.105     7.155 r  ps_i/Counter_Core_0/inst/counter_core_inst/u_ts_engine/u_rd_ptr_cdc/fifo_full0_carry_i_4/O
                         net (fo=1, routed)           0.000     7.155    ps_i/Counter_Core_0/inst/counter_core_inst/u_ts_engine/u_rd_ptr_cdc_n_5
    SLICE_X39Y23         CARRY4 (Prop_carry4_S[0]_CO[3])
                                                      0.440     7.595 r  ps_i/Counter_Core_0/inst/counter_core_inst/u_ts_engine/fifo_full0_carry/CO[3]
                         net (fo=4, routed)           0.677     8.272    ps_i/Counter_Core_0/inst/counter_core_inst/u_ts_engine/u_rd_ptr_cdc/CO[0]
    SLICE_X42Y23         LUT6 (Prop_lut6_I3_O)        0.105     8.377 r  ps_i/Counter_Core_0/inst/counter_core_inst/u_ts_engine/u_rd_ptr_cdc/ovf_sticky_i_1/O
                         net (fo=34, routed)          0.616     8.993    ps_i/Counter_Core_0/inst/counter_core_inst/u_ts_engine/wr_drop
    SLICE_X40Y27         FDRE                                         r  ps_i/Counter_Core_0/inst/counter_core_inst/u_ts_engine/lost_count_fs_reg[22]/CE
  -------------------------------------------------------------------    -------------------

                         (clock clk_fs rise edge)     3.200     3.200 r  
    Y12                                               0.000     3.200 r  clk_fs_p (IN)
                         net (fo=0)                   0.000     3.200    ps_i/Counter_Core_0/inst/clk_fs_p
    Y12                  IBUFDS (Prop_ibufds_I_O)     0.908     4.108 r  ps_i/Counter_Core_0/inst/ibufds_fs/O
                         net (fo=1, routed)           2.156     6.264    ps_i/Counter_Core_0/inst/clk_fs_ibuf
    BUFGCTRL_X0Y0        BUFG (Prop_bufg_I_O)         0.078     6.342 r  ps_i/Counter_Core_0/inst/bufg_fs/O
                         net (fo=599, routed)         1.239     7.580    ps_i/Counter_Core_0/inst/counter_core_inst/u_ts_engine/CLK
    SLICE_X40Y27         FDRE                                         r  ps_i/Counter_Core_0/inst/counter_core_inst/u_ts_engine/lost_count_fs_reg[22]/C
                         clock pessimism              0.510     8.090    
                         clock uncertainty           -0.035     8.055    
    SLICE_X40Y27         FDRE (Setup_fdre_C_CE)      -0.168     7.887    ps_i/Counter_Core_0/inst/counter_core_inst/u_ts_engine/lost_count_fs_reg[22]
  -------------------------------------------------------------------
                         required time                          7.887    
                         arrival time                          -8.993    
  -------------------------------------------------------------------
                         slack                                 -1.106    




